
  [90;1m.[39;22m[90;1m.[39;22m[90;1m.[39;22m[90;1m.[39;22m[90;1m.[39;22m[90;1m.[39;22m[90;1m.[39;22m[90;1m.[39;22m[90;1m.[39;22m[90;1m.[39;22m[90;1m.[39;22m[90;1m.[39;22m[90;1m.[39;22m[90;1m.[39;22m[90;1m.[39;22m[90;1m.[39;22m[90;1m.[39;22m[90;1m.[39;22m[90;1m.[39;22m[90;1m.[39;22m[90;1m.[39;22m[90;1m.[39;22m[90;1m.[39;22m[90;1m.[39;22m[90;1m.[39;22m[90;1m.[39;22m[90;1m.[39;22m[90;1m.[39;22m[90;1m.[39;22m[90;1m.[39;22m[90;1m.[39;22m[90;1m.[39;22m[90;1m.[39;22m[90;1m.[39;22m[90;1m.[39;22m[90;1m.[39;22m[90;1m.[39;22m[90;1m.[39;22m[90;1m.[39;22m[90;1m.[39;22m[90;1m.[39;22m[90;1m.[39;22m[90;1m.[39;22m[90;1m.[39;22m[90;1m.[39;22m[90;1m.[39;22m[90;1m.[39;22m[90;1m.[39;22m[90;1m.[39;22m[90;1m.[39;22m[90;1m.[39;22m[90;1m.[39;22m[90;1m.[39;22m[90;1m.[39;22m[90;1m.[39;22m[90;1m.[39;22m[90;1m.[39;22m[90;1m.[39;22m[90;1m.[39;22m[90;1m.[39;22m[90;1m.[39;22m[90;1m.[39;22m[90;1m.[39;22m[90;1m.[39;22m[90;1m.[39;22m[90;1m.[39;22m[90;1m.[39;22m[90;1m.[39;22m[90;1m.[39;22m[90;1m.[39;22m[90;1m.[39;22m[90;1m.[39;22m[90;1m.[39;22m[90;1m.[39;22m[90;1m.[39;22m[90;1m.[39;22m[31;1m⨯[39;22m[90;1m.[39;22m[90;1m.[39;22m[31;1m⨯[39;22m[31;1m⨯[39;22m[90;1m.[39;22m[90;1m.[39;22m[90;1m.[39;22m[90;1m.[39;22m[90;1m.[39;22m[90;1m.[39;22m[90;1m.[39;22m[90;1m.[39;22m[90;1m.[39;22m[90;1m.[39;22m[90;1m.[39;22m[90;1m.[39;22m[90;1m.[39;22m[90;1m.[39;22m[90;1m.[39;22m[90;1m.[39;22m[90;1m.[39;22m[90;1m.[39;22m[90;1m.[39;22m[90;1m.[39;22m[90;1m.[39;22m[90;1m.[39;22m[90;1m.[39;22m[90;1m.[39;22m[90;1m.[39;22m[90;1m.[39;22m[90;1m.[39;22m[90;1m.[39;22m[90;1m.[39;22m[90;1m.[39;22m[90;1m.[39;22m[90;1m.[39;22m[90;1m.[39;22m[90;1m.[39;22m[90;1m.[39;22m
  [90;1m.[39;22m[90;1m.[39;22m[90;1m.[39;22m[90;1m.[39;22m[90;1m.[39;22m[90;1m.[39;22m[90;1m.[39;22m[90;1m.[39;22m[90;1m.[39;22m[90;1m.[39;22m[90;1m.[39;22m[90;1m.[39;22m[90;1m.[39;22m[90;1m.[39;22m[90;1m.[39;22m[90;1m.[39;22m[90;1m.[39;22m[90;1m.[39;22m[90;1m.[39;22m[90;1m.[39;22m[90;1m.[39;22m[90;1m.[39;22m[90;1m.[39;22m[90;1m.[39;22m[90;1m.[39;22m[90;1m.[39;22m[90;1m.[39;22m[90;1m.[39;22m[90;1m.[39;22m[90;1m.[39;22m[90;1m.[39;22m[90;1m.[39;22m[90;1m.[39;22m[90;1m.[39;22m[90;1m.[39;22m[90;1m.[39;22m[90;1m.[39;22m[90;1m.[39;22m[90;1m.[39;22m[90;1m.[39;22m[90;1m.[39;22m[90;1m.[39;22m[90;1m.[39;22m[90;1m.[39;22m[90;1m.[39;22m[90;1m.[39;22m[90;1m.[39;22m[90;1m.[39;22m[90;1m.[39;22m[90;1m.[39;22m[90;1m.[39;22m[90;1m.[39;22m[90;1m.[39;22m[90;1m.[39;22m[90;1m.[39;22m[90;1m.[39;22m[90;1m.[39;22m[90;1m.[39;22m
  [31m────────────────────────────────────────────────────────────────────────────────────────────────────────────────────[39m  
  [41;1m FAILED [49;22m [1mTests\Feature\Admin\WhatsAppControllerTest[22m [90m>[39m it admin puede ver la pagina de whatsapp inbox                  
[39;1m  Expected response status code [>=200, <300] but received 500.
Failed asserting that false is true.

The following exception occurred during the last request:

GuzzleHttp\Exception\ConnectException: cURL error 7: Failed to connect to localhost port 8085 after 2240 ms: Could not connect to server (see https://curl.haxx.se/libcurl/c/libcurl-errors.html) for http://localhost:8085/instance/connectionState/sigesi in C:\Users\Daniel\Documents\Github\SIGESI\vendor\guzzlehttp\guzzle\src\Handler\CurlFactory.php:277
Stack trace:
#0 C:\Users\Daniel\Documents\Github\SIGESI\vendor\guzzlehttp\guzzle\src\Handler\CurlFactory.php(207): GuzzleHttp\Handler\CurlFactory::createRejection(Object(GuzzleHttp\Handler\EasyHandle), Array)
#1 C:\Users\Daniel\Documents\Github\SIGESI\vendor\guzzlehttp\guzzle\src\Handler\CurlFactory.php(159): GuzzleHttp\Handler\CurlFactory::finishError(Object(GuzzleHttp\Handler\CurlHandler), Object(GuzzleHttp\Handler\EasyHandle), Object(GuzzleHttp\Handler\CurlFactory))
#2 C:\Users\Daniel\Documents\Github\SIGESI\vendor\guzzlehttp\guzzle\src\Handler\CurlHandler.php(47): GuzzleHttp\Handler\CurlFactory::finish(Object(GuzzleHttp\Handler\CurlHandler), Object(GuzzleHttp\Handler\EasyHandle), Object(GuzzleHttp\Handler\CurlFactory))
#3 C:\Users\Daniel\Documents\Github\SIGESI\vendor\guzzlehttp\guzzle\src\Handler\Proxy.php(28): GuzzleHttp\Handler\CurlHandler->__invoke(Object(GuzzleHttp\Psr7\Request), Array)
#4 C:\Users\Daniel\Documents\Github\SIGESI\vendor\guzzlehttp\guzzle\src\Handler\Proxy.php(48): GuzzleHttp\Handler\Proxy::{closure:GuzzleHttp\Handler\Proxy::wrapSync():27}(Object(GuzzleHttp\Psr7\Request), Array)
#5 C:\Users\Daniel\Documents\Github\SIGESI\vendor\laravel\framework\src\Illuminate\Http\Client\PendingRequest.php(1507): GuzzleHttp\Handler\Proxy::{closure:GuzzleHttp\Handler\Proxy::wrapStreaming():47}(Object(GuzzleHttp\Psr7\Request), Array)
#6 C:\Users\Daniel\Documents\Github\SIGESI\vendor\laravel\framework\src\Illuminate\Http\Client\PendingRequest.php(1466): Illuminate\Http\Client\PendingRequest->{closure:{closure:Illuminate\Http\Client\PendingRequest::buildStubHandler():1489}:1490}(Object(GuzzleHttp\Psr7\Request), Array)
#7 C:\Users\Daniel\Documents\Github\SIGESI\vendor\laravel\framework\src\Illuminate\Http\Client\PendingRequest.php(1452): Illuminate\Http\Client\PendingRequest->{closure:{closure:Illuminate\Http\Client\PendingRequest::buildRecorderHandler():1464}:1465}(Object(GuzzleHttp\Psr7\Request), Array)
#8 C:\Users\Daniel\Documents\Github\SIGESI\vendor\guzzlehttp\guzzle\src\PrepareBodyMiddleware.php(35): Illuminate\Http\Client\PendingRequest->{closure:{closure:Illuminate\Http\Client\PendingRequest::buildBeforeSendingHandler():1450}:1451}(Object(GuzzleHttp\Psr7\Request), Array)
#9 C:\Users\Daniel\Documents\Github\SIGESI\vendor\guzzlehttp\guzzle\src\Middleware.php(38): GuzzleHttp\PrepareBodyMiddleware->__invoke(Object(GuzzleHttp\Psr7\Request), Array)
#10 C:\Users\Daniel\Documents\Github\SIGESI\vendor\guzzlehttp\guzzle\src\RedirectMiddleware.php(71): GuzzleHttp\Middleware::{closure:{closure:GuzzleHttp\Middleware::cookies():28}:29}(Object(GuzzleHttp\Psr7\Request), Array)
#11 C:\Users\Daniel\Documents\Github\SIGESI\vendor\guzzlehttp\guzzle\src\Middleware.php(63): GuzzleHttp\RedirectMiddleware->__invoke(Object(GuzzleHttp\Psr7\Request), Array)
#12 C:\Users\Daniel\Documents\Github\SIGESI\vendor\guzzlehttp\guzzle\src\HandlerStack.php(75): GuzzleHttp\Middleware::{closure:{closure:GuzzleHttp\Middleware::httpErrors():60}:61}(Object(GuzzleHttp\Psr7\Request), Array)
#13 C:\Users\Daniel\Documents\Github\SIGESI\vendor\guzzlehttp\guzzle\src\Client.php(333): GuzzleHttp\HandlerStack->__invoke(Object(GuzzleHttp\Psr7\Request), Array)
#14 C:\Users\Daniel\Documents\Github\SIGESI\vendor\guzzlehttp\guzzle\src\Client.php(169): GuzzleHttp\Client->transfer(Object(GuzzleHttp\Psr7\Request), Array)
#15 C:\Users\Daniel\Documents\Github\SIGESI\vendor\guzzlehttp\guzzle\src\Client.php(189): GuzzleHttp\Client->requestAsync('GET', Object(GuzzleHttp\Psr7\Uri), Array)
#16 C:\Users\Daniel\Documents\Github\SIGESI\vendor\laravel\framework\src\Illuminate\Http\Client\PendingRequest.php(1292): GuzzleHttp\Client->request('GET', 'http://localhos...', Array)
#17 C:\Users\Daniel\Documents\Github\SIGESI\vendor\laravel\framework\src\Illuminate\Http\Client\PendingRequest.php(1029): Illuminate\Http\Client\PendingRequest->sendRequest('GET', 'http://localhos...', Array)
#18 C:\Users\Daniel\Documents\Github\SIGESI\vendor\laravel\framework\src\Illuminate\Support\helpers.php(327): Illuminate\Http\Client\PendingRequest->{closure:Illuminate\Http\Client\PendingRequest::send():1027}(1)
#19 C:\Users\Daniel\Documents\Github\SIGESI\vendor\laravel\framework\src\Illuminate\Http\Client\PendingRequest.php(1027): retry(0, Object(Closure), 100, Object(Closure))
#20 C:\Users\Daniel\Documents\Github\SIGESI\vendor\laravel\framework\src\Illuminate\Http\Client\PendingRequest.php(847): Illuminate\Http\Client\PendingRequest->send('GET', 'http://localhos...', Array)
#21 C:\Users\Daniel\Documents\Github\SIGESI\app\Services\WhatsApp\EvolutionApiService.php(80): Illuminate\Http\Client\PendingRequest->get('/instance/conne...')
#22 C:\Users\Daniel\Documents\Github\SIGESI\app\Services\WhatsApp\EvolutionApiService.php(204): App\Services\WhatsApp\EvolutionApiService->obtenerEstado()
#23 C:\Users\Daniel\Documents\Github\SIGESI\app\Http\Controllers\Admin\WhatsAppController.php(167): App\Services\WhatsApp\EvolutionApiService->estaConectado()
#24 C:\Users\Daniel\Documents\Github\SIGESI\vendor\laravel\framework\src\Illuminate\Cache\Repository.php(562): App\Http\Controllers\Admin\WhatsAppController->{closure:App\Http\Controllers\Admin\WhatsAppController::obtenerEstadoConexion():166}()
#25 C:\Users\Daniel\Documents\Github\SIGESI\vendor\laravel\framework\src\Illuminate\Cache\CacheManager.php(530): Illuminate\Cache\Repository->remember('whatsapp_estado...', 30, Object(Closure))
#26 C:\Users\Daniel\Documents\Github\SIGESI\vendor\laravel\framework\src\Illuminate\Support\Facades\Facade.php(363): Illuminate\Cache\CacheManager->__call('remember', Array)
#27 C:\Users\Daniel\Documents\Github\SIGESI\app\Http\Controllers\Admin\WhatsAppController.php(166): Illuminate\Support\Facades\Facade::__callStatic('remember', Array)
#28 C:\Users\Daniel\Documents\Github\SIGESI\app\Http\Controllers\Admin\WhatsAppController.php(30): App\Http\Controllers\Admin\WhatsAppController->obtenerEstadoConexion()
#29 C:\Users\Daniel\Documents\Github\SIGESI\vendor\laravel\framework\src\Illuminate\Routing\ControllerDispatcher.php(46): App\Http\Controllers\Admin\WhatsAppController->index()
#30 C:\Users\Daniel\Documents\Github\SIGESI\vendor\laravel\framework\src\Illuminate\Routing\Route.php(265): Illuminate\Routing\ControllerDispatcher->dispatch(Object(Illuminate\Routing\Route), Object(App\Http\Controllers\Admin\WhatsAppController), 'index')
#31 C:\Users\Daniel\Documents\Github\SIGESI\vendor\laravel\framework\src\Illuminate\Routing\Route.php(211): Illuminate\Routing\Route->runController()
#32 C:\Users\Daniel\Documents\Github\SIGESI\vendor\laravel\framework\src\Illuminate\Routing\Router.php(822): Illuminate\Routing\Route->run()
#33 C:\Users\Daniel\Documents\Github\SIGESI\vendor\laravel\framework\src\Illuminate\Pipeline\Pipeline.php(180): Illuminate\Routing\Router->{closure:Illuminate\Routing\Router::runRouteWithinStack():821}(Object(Illuminate\Http\Request))
#34 C:\Users\Daniel\Documents\Github\SIGESI\app\Http\Middleware\EsAdmin.php(17): Illuminate\Pipeline\Pipeline->{closure:Illuminate\Pipeline\Pipeline::prepareDestination():178}(Object(Illuminate\Http\Request))
#35 C:\Users\Daniel\Documents\Github\SIGESI\vendor\laravel\framework\src\Illuminate\Pipeline\Pipeline.php(219): App\Http\Middleware\EsAdmin->handle(Object(Illuminate\Http\Request), Object(Closure))
#36 C:\Users\Daniel\Documents\Github\SIGESI\app\Http\Middleware\RequiereOnboarding.php(19): Illuminate\Pipeline\Pipeline->{closure:{closure:Illuminate\Pipeline\Pipeline::carry():194}:195}(Object(Illuminate\Http\Request))
#37 C:\Users\Daniel\Documents\Github\SIGESI\vendor\laravel\framework\src\Illuminate\Pipeline\Pipeline.php(219): App\Http\Middleware\RequiereOnboarding->handle(Object(Illuminate\Http\Request), Object(Closure))
#38 C:\Users\Daniel\Documents\Github\SIGESI\vendor\laravel\framework\src\Illuminate\Auth\Middleware\EnsureEmailIsVerified.php(41): Illuminate\Pipeline\Pipeline->{closure:{closure:Illuminate\Pipeline\Pipeline::carry():194}:195}(Object(Illuminate\Http\Request))
#39 C:\Users\Daniel\Documents\Github\SIGESI\vendor\laravel\framework\src\Illuminate\Pipeline\Pipeline.php(219): Illuminate\Auth\Middleware\EnsureEmailIsVerified->handle(Object(Illuminate\Http\Request), Object(Closure))
#40 C:\Users\Daniel\Documents\Github\SIGESI\vendor\laravel\framework\src\Illuminate\Http\Middleware\AddLinkHeadersForPreloadedAssets.php(32): Illuminate\Pipeline\Pipeline->{closure:{closure:Illuminate\Pipeline\Pipeline::carry():194}:195}(Object(Illuminate\Http\Request))
#41 C:\Users\Daniel\Documents\Github\SIGESI\vendor\laravel\framework\src\Illuminate\Pipeline\Pipeline.php(219): Illuminate\Http\Middleware\AddLinkHeadersForPreloadedAssets->handle(Object(Illuminate\Http\Request), Object(Closure))
#42 C:\Users\Daniel\Documents\Github\SIGESI\vendor\inertiajs\inertia-laravel\src\Middleware.php(122): Illuminate\Pipeline\Pipeline->{closure:{closure:Illuminate\Pipeline\Pipeline::carry():194}:195}(Object(Illuminate\Http\Request))
#43 C:\Users\Daniel\Documents\Github\SIGESI\vendor\laravel\framework\src\Illuminate\Pipeline\Pipeline.php(219): Inertia\Middleware->handle(Object(Illuminate\Http\Request), Object(Closure))
#44 C:\Users\Daniel\Documents\Github\SIGESI\app\Http\Middleware\HandleAppearance.php(21): Illuminate\Pipeline\Pipeline->{closure:{closure:Illuminate\Pipeline\Pipeline::carry():194}:195}(Object(Illuminate\Http\Request))
#45 C:\Users\Daniel\Documents\Github\SIGESI\vendor\laravel\framework\src\Illuminate\Pipeline\Pipeline.php(219): App\Http\Middleware\HandleAppearance->handle(Object(Illuminate\Http\Request), Object(Closure))
#46 C:\Users\Daniel\Documents\Github\SIGESI\vendor\laravel\framework\src\Illuminate\Routing\Middleware\SubstituteBindings.php(50): Illuminate\Pipeline\Pipeline->{closure:{closure:Illuminate\Pipeline\Pipeline::carry():194}:195}(Object(Illuminate\Http\Request))
#47 C:\Users\Daniel\Documents\Github\SIGESI\vendor\laravel\framework\src\Illuminate\Pipeline\Pipeline.php(219): Illuminate\Routing\Middleware\SubstituteBindings->handle(Object(Illuminate\Http\Request), Object(Closure))
#48 C:\Users\Daniel\Documents\Github\SIGESI\vendor\laravel\framework\src\Illuminate\Auth\Middleware\Authenticate.php(63): Illuminate\Pipeline\Pipeline->{closure:{closure:Illuminate\Pipeline\Pipeline::carry():194}:195}(Object(Illuminate\Http\Request))
#49 C:\Users\Daniel\Documents\Github\SIGESI\vendor\laravel\framework\src\Illuminate\Pipeline\Pipeline.php(219): Illuminate\Auth\Middleware\Authenticate->handle(Object(Illuminate\Http\Request), Object(Closure))
#50 C:\Users\Daniel\Documents\Github\SIGESI\vendor\laravel\framework\src\Illuminate\Foundation\Http\Middleware\VerifyCsrfToken.php(87): Illuminate\Pipeline\Pipeline->{closure:{closure:Illuminate\Pipeline\Pipeline::carry():194}:195}(Object(Illuminate\Http\Request))
#51 C:\Users\Daniel\Documents\Github\SIGESI\vendor\laravel\framework\src\Illuminate\Pipeline\Pipeline.php(219): Illuminate\Foundation\Http\Middleware\VerifyCsrfToken->handle(Object(Illuminate\Http\Request), Object(Closure))
#52 C:\Users\Daniel\Documents\Github\SIGESI\vendor\laravel\framework\src\Illuminate\View\Middleware\ShareErrorsFromSession.php(48): Illuminate\Pipeline\Pipeline->{closure:{closure:Illuminate\Pipeline\Pipeline::carry():194}:195}(Object(Illuminate\Http\Request))
#53 C:\Users\Daniel\Documents\Github\SIGESI\vendor\laravel\framework\src\Illuminate\Pipeline\Pipeline.php(219): Illuminate\View\Middleware\ShareErrorsFromSession->handle(Object(Illuminate\Http\Request), Object(Closure))
#54 C:\Users\Daniel\Documents\Github\SIGESI\vendor\laravel\framework\src\Illuminate\Session\Middleware\StartSession.php(120): Illuminate\Pipeline\Pipeline->{closure:{closure:Illuminate\Pipeline\Pipeline::carry():194}:195}(Object(Illuminate\Http\Request))
#55 C:\Users\Daniel\Documents\Github\SIGESI\vendor\laravel\framework\src\Illuminate\Session\Middleware\StartSession.php(63): Illuminate\Session\Middleware\StartSession->handleStatefulRequest(Object(Illuminate\Http\Request), Object(Illuminate\Session\Store), Object(Closure))
#56 C:\Users\Daniel\Documents\Github\SIGESI\vendor\laravel\framework\src\Illuminate\Pipeline\Pipeline.php(219): Illuminate\Session\Middleware\StartSession->handle(Object(Illuminate\Http\Request), Object(Closure))
#57 C:\Users\Daniel\Documents\Github\SIGESI\vendor\laravel\framework\src\Illuminate\Cookie\Middleware\AddQueuedCookiesToResponse.php(36): Illuminate\Pipeline\Pipeline->{closure:{closure:Illuminate\Pipeline\Pipeline::carry():194}:195}(Object(Illuminate\Http\Request))
#58 C:\Users\Daniel\Documents\Github\SIGESI\vendor\laravel\framework\src\Illuminate\Pipeline\Pipeline.php(219): Illuminate\Cookie\Middleware\AddQueuedCookiesToResponse->handle(Object(Illuminate\Http\Request), Object(Closure))
#59 C:\Users\Daniel\Documents\Github\SIGESI\vendor\laravel\framework\src\Illuminate\Cookie\Middleware\EncryptCookies.php(74): Illuminate\Pipeline\Pipeline->{closure:{closure:Illuminate\Pipeline\Pipeline::carry():194}:195}(Object(Illuminate\Http\Request))
#60 C:\Users\Daniel\Documents\Github\SIGESI\vendor\laravel\framework\src\Illuminate\Pipeline\Pipeline.php(219): Illuminate\Cookie\Middleware\EncryptCookies->handle(Object(Illuminate\Http\Request), Object(Closure))
#61 C:\Users\Daniel\Documents\Github\SIGESI\vendor\laravel\framework\src\Illuminate\Pipeline\Pipeline.php(137): Illuminate\Pipeline\Pipeline->{closure:{closure:Illuminate\Pipeline\Pipeline::carry():194}:195}(Object(Illuminate\Http\Request))
#62 C:\Users\Daniel\Documents\Github\SIGESI\vendor\laravel\framework\src\Illuminate\Routing\Router.php(821): Illuminate\Pipeline\Pipeline->then(Object(Closure))
#63 C:\Users\Daniel\Documents\Github\SIGESI\vendor\laravel\framework\src\Illuminate\Routing\Router.php(800): Illuminate\Routing\Router->runRouteWithinStack(Object(Illuminate\Routing\Route), Object(Illuminate\Http\Request))
#64 C:\Users\Daniel\Documents\Github\SIGESI\vendor\laravel\framework\src\Illuminate\Routing\Router.php(764): Illuminate\Routing\Router->runRoute(Object(Illuminate\Http\Request), Object(Illuminate\Routing\Route))
#65 C:\Users\Daniel\Documents\Github\SIGESI\vendor\laravel\framework\src\Illuminate\Routing\Router.php(753): Illuminate\Routing\Router->dispatchToRoute(Object(Illuminate\Http\Request))
#66 C:\Users\Daniel\Documents\Github\SIGESI\vendor\laravel\framework\src\Illuminate\Foundation\Http\Kernel.php(200): Illuminate\Routing\Router->dispatch(Object(Illuminate\Http\Request))
#67 C:\Users\Daniel\Documents\Github\SIGESI\vendor\laravel\framework\src\Illuminate\Pipeline\Pipeline.php(180): Illuminate\Foundation\Http\Kernel->{closure:Illuminate\Foundation\Http\Kernel::dispatchToRouter():197}(Object(Illuminate\Http\Request))
#68 C:\Users\Daniel\Documents\Github\SIGESI\vendor\laravel\framework\src\Illuminate\Foundation\Http\Middleware\TransformsRequest.php(21): Illuminate\Pipeline\Pipeline->{closure:Illuminate\Pipeline\Pipeline::prepareDestination():178}(Object(Illuminate\Http\Request))
#69 C:\Users\Daniel\Documents\Github\SIGESI\vendor\laravel\framework\src\Illuminate\Foundation\Http\Middleware\ConvertEmptyStringsToNull.php(31): Illuminate\Foundation\Http\Middleware\TransformsRequest->handle(Object(Illuminate\Http\Request), Object(Closure))
#70 C:\Users\Daniel\Documents\Github\SIGESI\vendor\laravel\framework\src\Illuminate\Pipeline\Pipeline.php(219): Illuminate\Foundation\Http\Middleware\ConvertEmptyStringsToNull->handle(Object(Illuminate\Http\Request), Object(Closure))
#71 C:\Users\Daniel\Documents\Github\SIGESI\vendor\laravel\framework\src\Illuminate\Foundation\Http\Middleware\TransformsRequest.php(21): Illuminate\Pipeline\Pipeline->{closure:{closure:Illuminate\Pipeline\Pipeline::carry():194}:195}(Object(Illuminate\Http\Request))
#72 C:\Users\Daniel\Documents\Github\SIGESI\vendor\laravel\framework\src\Illuminate\Foundation\Http\Middleware\TrimStrings.php(51): Illuminate\Foundation\Http\Middleware\TransformsRequest->handle(Object(Illuminate\Http\Request), Object(Closure))
#73 C:\Users\Daniel\Documents\Github\SIGESI\vendor\laravel\framework\src\Illuminate\Pipeline\Pipeline.php(219): Illuminate\Foundation\Http\Middleware\TrimStrings->handle(Object(Illuminate\Http\Request), Object(Closure))
#74 C:\Users\Daniel\Documents\Github\SIGESI\vendor\laravel\framework\src\Illuminate\Http\Middleware\ValidatePostSize.php(27): Illuminate\Pipeline\Pipeline->{closure:{closure:Illuminate\Pipeline\Pipeline::carry():194}:195}(Object(Illuminate\Http\Request))
#75 C:\Users\Daniel\Documents\Github\SIGESI\vendor\laravel\framework\src\Illuminate\Pipeline\Pipeline.php(219): Illuminate\Http\Middleware\ValidatePostSize->handle(Object(Illuminate\Http\Request), Object(Closure))
#76 C:\Users\Daniel\Documents\Github\SIGESI\vendor\laravel\framework\src\Illuminate\Foundation\Http\Middleware\PreventRequestsDuringMaintenance.php(109): Illuminate\Pipeline\Pipeline->{closure:{closure:Illuminate\Pipeline\Pipeline::carry():194}:195}(Object(Illuminate\Http\Request))
#77 C:\Users\Daniel\Documents\Github\SIGESI\vendor\laravel\framework\src\Illuminate\Pipeline\Pipeline.php(219): Illuminate\Foundation\Http\Middleware\PreventRequestsDuringMaintenance->handle(Object(Illuminate\Http\Request), Object(Closure))
#78 C:\Users\Daniel\Documents\Github\SIGESI\vendor\laravel\framework\src\Illuminate\Http\Middleware\HandleCors.php(61): Illuminate\Pipeline\Pipeline->{closure:{closure:Illuminate\Pipeline\Pipeline::carry():194}:195}(Object(Illuminate\Http\Request))
#79 C:\Users\Daniel\Documents\Github\SIGESI\vendor\laravel\framework\src\Illuminate\Pipeline\Pipeline.php(219): Illuminate\Http\Middleware\HandleCors->handle(Object(Illuminate\Http\Request), Object(Closure))
#80 C:\Users\Daniel\Documents\Github\SIGESI\vendor\laravel\framework\src\Illuminate\Http\Middleware\TrustProxies.php(58): Illuminate\Pipeline\Pipeline->{closure:{closure:Illuminate\Pipeline\Pipeline::carry():194}:195}(Object(Illuminate\Http\Request))
#81 C:\Users\Daniel\Documents\Github\SIGESI\vendor\laravel\framework\src\Illuminate\Pipeline\Pipeline.php(219): Illuminate\Http\Middleware\TrustProxies->handle(Object(Illuminate\Http\Request), Object(Closure))
#82 C:\Users\Daniel\Documents\Github\SIGESI\vendor\laravel\framework\src\Illuminate\Foundation\Http\Middleware\InvokeDeferredCallbacks.php(22): Illuminate\Pipeline\Pipeline->{closure:{closure:Illuminate\Pipeline\Pipeline::carry():194}:195}(Object(Illuminate\Http\Request))
#83 C:\Users\Daniel\Documents\Github\SIGESI\vendor\laravel\framework\src\Illuminate\Pipeline\Pipeline.php(219): Illuminate\Foundation\Http\Middleware\InvokeDeferredCallbacks->handle(Object(Illuminate\Http\Request), Object(Closure))
#84 C:\Users\Daniel\Documents\Github\SIGESI\vendor\laravel\framework\src\Illuminate\Http\Middleware\ValidatePathEncoding.php(26): Illuminate\Pipeline\Pipeline->{closure:{closure:Illuminate\Pipeline\Pipeline::carry():194}:195}(Object(Illuminate\Http\Request))
#85 C:\Users\Daniel\Documents\Github\SIGESI\vendor\laravel\framework\src\Illuminate\Pipeline\Pipeline.php(219): Illuminate\Http\Middleware\ValidatePathEncoding->handle(Object(Illuminate\Http\Request), Object(Closure))
#86 C:\Users\Daniel\Documents\Github\SIGESI\vendor\laravel\framework\src\Illuminate\Pipeline\Pipeline.php(137): Illuminate\Pipeline\Pipeline->{closure:{closure:Illuminate\Pipeline\Pipeline::carry():194}:195}(Object(Illuminate\Http\Request))
#87 C:\Users\Daniel\Documents\Github\SIGESI\vendor\laravel\framework\src\Illuminate\Foundation\Http\Kernel.php(175): Illuminate\Pipeline\Pipeline->then(Object(Closure))
#88 C:\Users\Daniel\Documents\Github\SIGESI\vendor\laravel\framework\src\Illuminate\Foundation\Http\Kernel.php(144): Illuminate\Foundation\Http\Kernel->sendRequestThroughRouter(Object(Illuminate\Http\Request))
#89 C:\Users\Daniel\Documents\Github\SIGESI\vendor\laravel\framework\src\Illuminate\Foundation\Testing\Concerns\MakesHttpRequests.php(607): Illuminate\Foundation\Http\Kernel->handle(Object(Illuminate\Http\Request))
#90 C:\Users\Daniel\Documents\Github\SIGESI\vendor\laravel\framework\src\Illuminate\Foundation\Testing\Concerns\MakesHttpRequests.php(368): Illuminate\Foundation\Testing\TestCase->call('GET', 'http://localhos...', Array, Array, Array, Array)
#91 C:\Users\Daniel\Documents\Github\SIGESI\tests\Feature\Admin\WhatsAppControllerTest.php(9): Illuminate\Foundation\Testing\TestCase->get('http://localhos...')
#92 C:\Users\Daniel\Documents\Github\SIGESI\vendor\pestphp\pest\src\Factories\TestCaseMethodFactory.php(168): P\Tests\Feature\Admin\WhatsAppControllerTest->{closure:C:\Users\Daniel\Documents\Github\SIGESI\tests\Feature\Admin\WhatsAppControllerTest.php:5}()
#93 [internal function]: P\Tests\Feature\Admin\WhatsAppControllerTest->{closure:Pest\Factories\TestCaseMethodFactory::getClosure():158}()
#94 C:\Users\Daniel\Documents\Github\SIGESI\vendor\pestphp\pest\src\Concerns\Testable.php(429): call_user_func_array(Object(Closure), Array)
#95 C:\Users\Daniel\Documents\Github\SIGESI\vendor\pestphp\pest\src\Support\ExceptionTrace.php(26): P\Tests\Feature\Admin\WhatsAppControllerTest->{closure:Pest\Concerns\Testable::__callClosure():429}()
#96 C:\Users\Daniel\Documents\Github\SIGESI\vendor\pestphp\pest\src\Concerns\Testable.php(429): Pest\Support\ExceptionTrace::ensure(Object(Closure))
#97 C:\Users\Daniel\Documents\Github\SIGESI\vendor\pestphp\pest\src\Concerns\Testable.php(331): P\Tests\Feature\Admin\WhatsAppControllerTest->__callClosure(Object(Closure), Array)
#98 C:\Users\Daniel\Documents\Github\SIGESI\vendor\pestphp\pest\src\Factories\TestCaseFactory.php(169) : eval()'d code(17): P\Tests\Feature\Admin\WhatsAppControllerTest->__runTest(Object(Closure))
#99 C:\Users\Daniel\Documents\Github\SIGESI\vendor\phpunit\phpunit\src\Framework\TestCase.php(1332): P\Tests\Feature\Admin\WhatsAppControllerTest->__pest_evaluable_it_admin_puede_ver_la_pagina_de_whatsapp_inbox()
#100 C:\Users\Daniel\Documents\Github\SIGESI\vendor\phpunit\phpunit\src\Framework\TestCase.php(519): PHPUnit\Framework\TestCase->runTest()
#101 C:\Users\Daniel\Documents\Github\SIGESI\vendor\phpunit\phpunit\src\Framework\TestRunner\TestRunner.php(99): PHPUnit\Framework\TestCase->runBare()
#102 C:\Users\Daniel\Documents\Github\SIGESI\vendor\phpunit\phpunit\src\Framework\TestCase.php(359): PHPUnit\Framework\TestRunner->run(Object(P\Tests\Feature\Admin\WhatsAppControllerTest))
#103 C:\Users\Daniel\Documents\Github\SIGESI\vendor\phpunit\phpunit\src\Framework\TestSuite.php(374): PHPUnit\Framework\TestCase->run()
#104 C:\Users\Daniel\Documents\Github\SIGESI\vendor\phpunit\phpunit\src\Framework\TestSuite.php(374): PHPUnit\Framework\TestSuite->run()
#105 C:\Users\Daniel\Documents\Github\SIGESI\vendor\phpunit\phpunit\src\Framework\TestSuite.php(374): PHPUnit\Framework\TestSuite->run()
#106 C:\Users\Daniel\Documents\Github\SIGESI\vendor\phpunit\phpunit\src\TextUI\TestRunner.php(64): PHPUnit\Framework\TestSuite->run()
#107 C:\Users\Daniel\Documents\Github\SIGESI\vendor\phpunit\phpunit\src\TextUI\Application.php(229): PHPUnit\TextUI\TestRunner->run(Object(PHPUnit\TextUI\Configuration\Configuration), Object(PHPUnit\Runner\ResultCache\DefaultResultCache), Object(PHPUnit\Framework\TestSuite))
#108 C:\Users\Daniel\Documents\Github\SIGESI\vendor\pestphp\pest\src\Kernel.php(103): PHPUnit\TextUI\Application->run(Array)
#109 C:\Users\Daniel\Documents\Github\SIGESI\vendor\pestphp\pest\bin\pest(184): Pest\Kernel->handle(Array, Array)
#110 C:\Users\Daniel\Documents\Github\SIGESI\vendor\pestphp\pest\bin\pest(192): {closure:C:\Users\Daniel\Documents\Github\SIGESI\vendor\pestphp\pest\bin\pest:18}()
#111 {main}

Next Illuminate\Http\Client\ConnectionException: cURL error 7: Failed to connect to localhost port 8085 after 2240 ms: Could not connect to server (see https://curl.haxx.se/libcurl/c/libcurl-errors.html) for http://localhost:8085/instance/connectionState/sigesi in C:\Users\Daniel\Documents\Github\SIGESI\vendor\laravel\framework\src\Illuminate\Http\Client\PendingRequest.php:1787
Stack trace:
#0 C:\Users\Daniel\Documents\Github\SIGESI\vendor\laravel\framework\src\Illuminate\Http\Client\PendingRequest.php(1067): Illuminate\Http\Client\PendingRequest->marshalConnectionException(Object(GuzzleHttp\Exception\ConnectException))
#1 C:\Users\Daniel\Documents\Github\SIGESI\vendor\laravel\framework\src\Illuminate\Support\helpers.php(327): Illuminate\Http\Client\PendingRequest->{closure:Illuminate\Http\Client\PendingRequest::send():1027}(1)
#2 C:\Users\Daniel\Documents\Github\SIGESI\vendor\laravel\framework\src\Illuminate\Http\Client\PendingRequest.php(1027): retry(0, Object(Closure), 100, Object(Closure))
#3 C:\Users\Daniel\Documents\Github\SIGESI\vendor\laravel\framework\src\Illuminate\Http\Client\PendingRequest.php(847): Illuminate\Http\Client\PendingRequest->send('GET', 'http://localhos...', Array)
#4 C:\Users\Daniel\Documents\Github\SIGESI\app\Services\WhatsApp\EvolutionApiService.php(80): Illuminate\Http\Client\PendingRequest->get('/instance/conne...')
#5 C:\Users\Daniel\Documents\Github\SIGESI\app\Services\WhatsApp\EvolutionApiService.php(204): App\Services\WhatsApp\EvolutionApiService->obtenerEstado()
#6 C:\Users\Daniel\Documents\Github\SIGESI\app\Http\Controllers\Admin\WhatsAppController.php(167): App\Services\WhatsApp\EvolutionApiService->estaConectado()
#7 C:\Users\Daniel\Documents\Github\SIGESI\vendor\laravel\framework\src\Illuminate\Cache\Repository.php(562): App\Http\Controllers\Admin\WhatsAppController->{closure:App\Http\Controllers\Admin\WhatsAppController::obtenerEstadoConexion():166}()
#8 C:\Users\Daniel\Documents\Github\SIGESI\vendor\laravel\framework\src\Illuminate\Cache\CacheManager.php(530): Illuminate\Cache\Repository->remember('whatsapp_estado...', 30, Object(Closure))
#9 C:\Users\Daniel\Documents\Github\SIGESI\vendor\laravel\framework\src\Illuminate\Support\Facades\Facade.php(363): Illuminate\Cache\CacheManager->__call('remember', Array)
#10 C:\Users\Daniel\Documents\Github\SIGESI\app\Http\Controllers\Admin\WhatsAppController.php(166): Illuminate\Support\Facades\Facade::__callStatic('remember', Array)
#11 C:\Users\Daniel\Documents\Github\SIGESI\app\Http\Controllers\Admin\WhatsAppController.php(30): App\Http\Controllers\Admin\WhatsAppController->obtenerEstadoConexion()
#12 C:\Users\Daniel\Documents\Github\SIGESI\vendor\laravel\framework\src\Illuminate\Routing\ControllerDispatcher.php(46): App\Http\Controllers\Admin\WhatsAppController->index()
#13 C:\Users\Daniel\Documents\Github\SIGESI\vendor\laravel\framework\src\Illuminate\Routing\Route.php(265): Illuminate\Routing\ControllerDispatcher->dispatch(Object(Illuminate\Routing\Route), Object(App\Http\Controllers\Admin\WhatsAppController), 'index')
#14 C:\Users\Daniel\Documents\Github\SIGESI\vendor\laravel\framework\src\Illuminate\Routing\Route.php(211): Illuminate\Routing\Route->runController()
#15 C:\Users\Daniel\Documents\Github\SIGESI\vendor\laravel\framework\src\Illuminate\Routing\Router.php(822): Illuminate\Routing\Route->run()
#16 C:\Users\Daniel\Documents\Github\SIGESI\vendor\laravel\framework\src\Illuminate\Pipeline\Pipeline.php(180): Illuminate\Routing\Router->{closure:Illuminate\Routing\Router::runRouteWithinStack():821}(Object(Illuminate\Http\Request))
#17 C:\Users\Daniel\Documents\Github\SIGESI\app\Http\Middleware\EsAdmin.php(17): Illuminate\Pipeline\Pipeline->{closure:Illuminate\Pipeline\Pipeline::prepareDestination():178}(Object(Illuminate\Http\Request))
#18 C:\Users\Daniel\Documents\Github\SIGESI\vendor\laravel\framework\src\Illuminate\Pipeline\Pipeline.php(219): App\Http\Middleware\EsAdmin->handle(Object(Illuminate\Http\Request), Object(Closure))
#19 C:\Users\Daniel\Documents\Github\SIGESI\app\Http\Middleware\RequiereOnboarding.php(19): Illuminate\Pipeline\Pipeline->{closure:{closure:Illuminate\Pipeline\Pipeline::carry():194}:195}(Object(Illuminate\Http\Request))
#20 C:\Users\Daniel\Documents\Github\SIGESI\vendor\laravel\framework\src\Illuminate\Pipeline\Pipeline.php(219): App\Http\Middleware\RequiereOnboarding->handle(Object(Illuminate\Http\Request), Object(Closure))
#21 C:\Users\Daniel\Documents\Github\SIGESI\vendor\laravel\framework\src\Illuminate\Auth\Middleware\EnsureEmailIsVerified.php(41): Illuminate\Pipeline\Pipeline->{closure:{closure:Illuminate\Pipeline\Pipeline::carry():194}:195}(Object(Illuminate\Http\Request))
#22 C:\Users\Daniel\Documents\Github\SIGESI\vendor\laravel\framework\src\Illuminate\Pipeline\Pipeline.php(219): Illuminate\Auth\Middleware\EnsureEmailIsVerified->handle(Object(Illuminate\Http\Request), Object(Closure))
#23 C:\Users\Daniel\Documents\Github\SIGESI\vendor\laravel\framework\src\Illuminate\Http\Middleware\AddLinkHeadersForPreloadedAssets.php(32): Illuminate\Pipeline\Pipeline->{closure:{closure:Illuminate\Pipeline\Pipeline::carry():194}:195}(Object(Illuminate\Http\Request))
#24 C:\Users\Daniel\Documents\Github\SIGESI\vendor\laravel\framework\src\Illuminate\Pipeline\Pipeline.php(219): Illuminate\Http\Middleware\AddLinkHeadersForPreloadedAssets->handle(Object(Illuminate\Http\Request), Object(Closure))
#25 C:\Users\Daniel\Documents\Github\SIGESI\vendor\inertiajs\inertia-laravel\src\Middleware.php(122): Illuminate\Pipeline\Pipeline->{closure:{closure:Illuminate\Pipeline\Pipeline::carry():194}:195}(Object(Illuminate\Http\Request))
#26 C:\Users\Daniel\Documents\Github\SIGESI\vendor\laravel\framework\src\Illuminate\Pipeline\Pipeline.php(219): Inertia\Middleware->handle(Object(Illuminate\Http\Request), Object(Closure))
#27 C:\Users\Daniel\Documents\Github\SIGESI\app\Http\Middleware\HandleAppearance.php(21): Illuminate\Pipeline\Pipeline->{closure:{closure:Illuminate\Pipeline\Pipeline::carry():194}:195}(Object(Illuminate\Http\Request))
#28 C:\Users\Daniel\Documents\Github\SIGESI\vendor\laravel\framework\src\Illuminate\Pipeline\Pipeline.php(219): App\Http\Middleware\HandleAppearance->handle(Object(Illuminate\Http\Request), Object(Closure))
#29 C:\Users\Daniel\Documents\Github\SIGESI\vendor\laravel\framework\src\Illuminate\Routing\Middleware\SubstituteBindings.php(50): Illuminate\Pipeline\Pipeline->{closure:{closure:Illuminate\Pipeline\Pipeline::carry():194}:195}(Object(Illuminate\Http\Request))
#30 C:\Users\Daniel\Documents\Github\SIGESI\vendor\laravel\framework\src\Illuminate\Pipeline\Pipeline.php(219): Illuminate\Routing\Middleware\SubstituteBindings->handle(Object(Illuminate\Http\Request), Object(Closure))
#31 C:\Users\Daniel\Documents\Github\SIGESI\vendor\laravel\framework\src\Illuminate\Auth\Middleware\Authenticate.php(63): Illuminate\Pipeline\Pipeline->{closure:{closure:Illuminate\Pipeline\Pipeline::carry():194}:195}(Object(Illuminate\Http\Request))
#32 C:\Users\Daniel\Documents\Github\SIGESI\vendor\laravel\framework\src\Illuminate\Pipeline\Pipeline.php(219): Illuminate\Auth\Middleware\Authenticate->handle(Object(Illuminate\Http\Request), Object(Closure))
#33 C:\Users\Daniel\Documents\Github\SIGESI\vendor\laravel\framework\src\Illuminate\Foundation\Http\Middleware\VerifyCsrfToken.php(87): Illuminate\Pipeline\Pipeline->{closure:{closure:Illuminate\Pipeline\Pipeline::carry():194}:195}(Object(Illuminate\Http\Request))
#34 C:\Users\Daniel\Documents\Github\SIGESI\vendor\laravel\framework\src\Illuminate\Pipeline\Pipeline.php(219): Illuminate\Foundation\Http\Middleware\VerifyCsrfToken->handle(Object(Illuminate\Http\Request), Object(Closure))
#35 C:\Users\Daniel\Documents\Github\SIGESI\vendor\laravel\framework\src\Illuminate\View\Middleware\ShareErrorsFromSession.php(48): Illuminate\Pipeline\Pipeline->{closure:{closure:Illuminate\Pipeline\Pipeline::carry():194}:195}(Object(Illuminate\Http\Request))
#36 C:\Users\Daniel\Documents\Github\SIGESI\vendor\laravel\framework\src\Illuminate\Pipeline\Pipeline.php(219): Illuminate\View\Middleware\ShareErrorsFromSession->handle(Object(Illuminate\Http\Request), Object(Closure))
#37 C:\Users\Daniel\Documents\Github\SIGESI\vendor\laravel\framework\src\Illuminate\Session\Middleware\StartSession.php(120): Illuminate\Pipeline\Pipeline->{closure:{closure:Illuminate\Pipeline\Pipeline::carry():194}:195}(Object(Illuminate\Http\Request))
#38 C:\Users\Daniel\Documents\Github\SIGESI\vendor\laravel\framework\src\Illuminate\Session\Middleware\StartSession.php(63): Illuminate\Session\Middleware\StartSession->handleStatefulRequest(Object(Illuminate\Http\Request), Object(Illuminate\Session\Store), Object(Closure))
#39 C:\Users\Daniel\Documents\Github\SIGESI\vendor\laravel\framework\src\Illuminate\Pipeline\Pipeline.php(219): Illuminate\Session\Middleware\StartSession->handle(Object(Illuminate\Http\Request), Object(Closure))
#40 C:\Users\Daniel\Documents\Github\SIGESI\vendor\laravel\framework\src\Illuminate\Cookie\Middleware\AddQueuedCookiesToResponse.php(36): Illuminate\Pipeline\Pipeline->{closure:{closure:Illuminate\Pipeline\Pipeline::carry():194}:195}(Object(Illuminate\Http\Request))
#41 C:\Users\Daniel\Documents\Github\SIGESI\vendor\laravel\framework\src\Illuminate\Pipeline\Pipeline.php(219): Illuminate\Cookie\Middleware\AddQueuedCookiesToResponse->handle(Object(Illuminate\Http\Request), Object(Closure))
#42 C:\Users\Daniel\Documents\Github\SIGESI\vendor\laravel\framework\src\Illuminate\Cookie\Middleware\EncryptCookies.php(74): Illuminate\Pipeline\Pipeline->{closure:{closure:Illuminate\Pipeline\Pipeline::carry():194}:195}(Object(Illuminate\Http\Request))
#43 C:\Users\Daniel\Documents\Github\SIGESI\vendor\laravel\framework\src\Illuminate\Pipeline\Pipeline.php(219): Illuminate\Cookie\Middleware\EncryptCookies->handle(Object(Illuminate\Http\Request), Object(Closure))
#44 C:\Users\Daniel\Documents\Github\SIGESI\vendor\laravel\framework\src\Illuminate\Pipeline\Pipeline.php(137): Illuminate\Pipeline\Pipeline->{closure:{closure:Illuminate\Pipeline\Pipeline::carry():194}:195}(Object(Illuminate\Http\Request))
#45 C:\Users\Daniel\Documents\Github\SIGESI\vendor\laravel\framework\src\Illuminate\Routing\Router.php(821): Illuminate\Pipeline\Pipeline->then(Object(Closure))
#46 C:\Users\Daniel\Documents\Github\SIGESI\vendor\laravel\framework\src\Illuminate\Routing\Router.php(800): Illuminate\Routing\Router->runRouteWithinStack(Object(Illuminate\Routing\Route), Object(Illuminate\Http\Request))
#47 C:\Users\Daniel\Documents\Github\SIGESI\vendor\laravel\framework\src\Illuminate\Routing\Router.php(764): Illuminate\Routing\Router->runRoute(Object(Illuminate\Http\Request), Object(Illuminate\Routing\Route))
#48 C:\Users\Daniel\Documents\Github\SIGESI\vendor\laravel\framework\src\Illuminate\Routing\Router.php(753): Illuminate\Routing\Router->dispatchToRoute(Object(Illuminate\Http\Request))
#49 C:\Users\Daniel\Documents\Github\SIGESI\vendor\laravel\framework\src\Illuminate\Foundation\Http\Kernel.php(200): Illuminate\Routing\Router->dispatch(Object(Illuminate\Http\Request))
#50 C:\Users\Daniel\Documents\Github\SIGESI\vendor\laravel\framework\src\Illuminate\Pipeline\Pipeline.php(180): Illuminate\Foundation\Http\Kernel->{closure:Illuminate\Foundation\Http\Kernel::dispatchToRouter():197}(Object(Illuminate\Http\Request))
#51 C:\Users\Daniel\Documents\Github\SIGESI\vendor\laravel\framework\src\Illuminate\Foundation\Http\Middleware\TransformsRequest.php(21): Illuminate\Pipeline\Pipeline->{closure:Illuminate\Pipeline\Pipeline::prepareDestination():178}(Object(Illuminate\Http\Request))
#52 C:\Users\Daniel\Documents\Github\SIGESI\vendor\laravel\framework\src\Illuminate\Foundation\Http\Middleware\ConvertEmptyStringsToNull.php(31): Illuminate\Foundation\Http\Middleware\TransformsRequest->handle(Object(Illuminate\Http\Request), Object(Closure))
#53 C:\Users\Daniel\Documents\Github\SIGESI\vendor\laravel\framework\src\Illuminate\Pipeline\Pipeline.php(219): Illuminate\Foundation\Http\Middleware\ConvertEmptyStringsToNull->handle(Object(Illuminate\Http\Request), Object(Closure))
#54 C:\Users\Daniel\Documents\Github\SIGESI\vendor\laravel\framework\src\Illuminate\Foundation\Http\Middleware\TransformsRequest.php(21): Illuminate\Pipeline\Pipeline->{closure:{closure:Illuminate\Pipeline\Pipeline::carry():194}:195}(Object(Illuminate\Http\Request))
#55 C:\Users\Daniel\Documents\Github\SIGESI\vendor\laravel\framework\src\Illuminate\Foundation\Http\Middleware\TrimStrings.php(51): Illuminate\Foundation\Http\Middleware\TransformsRequest->handle(Object(Illuminate\Http\Request), Object(Closure))
#56 C:\Users\Daniel\Documents\Github\SIGESI\vendor\laravel\framework\src\Illuminate\Pipeline\Pipeline.php(219): Illuminate\Foundation\Http\Middleware\TrimStrings->handle(Object(Illuminate\Http\Request), Object(Closure))
#57 C:\Users\Daniel\Documents\Github\SIGESI\vendor\laravel\framework\src\Illuminate\Http\Middleware\ValidatePostSize.php(27): Illuminate\Pipeline\Pipeline->{closure:{closure:Illuminate\Pipeline\Pipeline::carry():194}:195}(Object(Illuminate\Http\Request))
#58 C:\Users\Daniel\Documents\Github\SIGESI\vendor\laravel\framework\src\Illuminate\Pipeline\Pipeline.php(219): Illuminate\Http\Middleware\ValidatePostSize->handle(Object(Illuminate\Http\Request), Object(Closure))
#59 C:\Users\Daniel\Documents\Github\SIGESI\vendor\laravel\framework\src\Illuminate\Foundation\Http\Middleware\PreventRequestsDuringMaintenance.php(109): Illuminate\Pipeline\Pipeline->{closure:{closure:Illuminate\Pipeline\Pipeline::carry():194}:195}(Object(Illuminate\Http\Request))
#60 C:\Users\Daniel\Documents\Github\SIGESI\vendor\laravel\framework\src\Illuminate\Pipeline\Pipeline.php(219): Illuminate\Foundation\Http\Middleware\PreventRequestsDuringMaintenance->handle(Object(Illuminate\Http\Request), Object(Closure))
#61 C:\Users\Daniel\Documents\Github\SIGESI\vendor\laravel\framework\src\Illuminate\Http\Middleware\HandleCors.php(61): Illuminate\Pipeline\Pipeline->{closure:{closure:Illuminate\Pipeline\Pipeline::carry():194}:195}(Object(Illuminate\Http\Request))
#62 C:\Users\Daniel\Documents\Github\SIGESI\vendor\laravel\framework\src\Illuminate\Pipeline\Pipeline.php(219): Illuminate\Http\Middleware\HandleCors->handle(Object(Illuminate\Http\Request), Object(Closure))
#63 C:\Users\Daniel\Documents\Github\SIGESI\vendor\laravel\framework\src\Illuminate\Http\Middleware\TrustProxies.php(58): Illuminate\Pipeline\Pipeline->{closure:{closure:Illuminate\Pipeline\Pipeline::carry():194}:195}(Object(Illuminate\Http\Request))
#64 C:\Users\Daniel\Documents\Github\SIGESI\vendor\laravel\framework\src\Illuminate\Pipeline\Pipeline.php(219): Illuminate\Http\Middleware\TrustProxies->handle(Object(Illuminate\Http\Request), Object(Closure))
#65 C:\Users\Daniel\Documents\Github\SIGESI\vendor\laravel\framework\src\Illuminate\Foundation\Http\Middleware\InvokeDeferredCallbacks.php(22): Illuminate\Pipeline\Pipeline->{closure:{closure:Illuminate\Pipeline\Pipeline::carry():194}:195}(Object(Illuminate\Http\Request))
#66 C:\Users\Daniel\Documents\Github\SIGESI\vendor\laravel\framework\src\Illuminate\Pipeline\Pipeline.php(219): Illuminate\Foundation\Http\Middleware\InvokeDeferredCallbacks->handle(Object(Illuminate\Http\Request), Object(Closure))
#67 C:\Users\Daniel\Documents\Github\SIGESI\vendor\laravel\framework\src\Illuminate\Http\Middleware\ValidatePathEncoding.php(26): Illuminate\Pipeline\Pipeline->{closure:{closure:Illuminate\Pipeline\Pipeline::carry():194}:195}(Object(Illuminate\Http\Request))
#68 C:\Users\Daniel\Documents\Github\SIGESI\vendor\laravel\framework\src\Illuminate\Pipeline\Pipeline.php(219): Illuminate\Http\Middleware\ValidatePathEncoding->handle(Object(Illuminate\Http\Request), Object(Closure))
#69 C:\Users\Daniel\Documents\Github\SIGESI\vendor\laravel\framework\src\Illuminate\Pipeline\Pipeline.php(137): Illuminate\Pipeline\Pipeline->{closure:{closure:Illuminate\Pipeline\Pipeline::carry():194}:195}(Object(Illuminate\Http\Request))
#70 C:\Users\Daniel\Documents\Github\SIGESI\vendor\laravel\framework\src\Illuminate\Foundation\Http\Kernel.php(175): Illuminate\Pipeline\Pipeline->then(Object(Closure))
#71 C:\Users\Daniel\Documents\Github\SIGESI\vendor\laravel\framework\src\Illuminate\Foundation\Http\Kernel.php(144): Illuminate\Foundation\Http\Kernel->sendRequestThroughRouter(Object(Illuminate\Http\Request))
#72 C:\Users\Daniel\Documents\Github\SIGESI\vendor\laravel\framework\src\Illuminate\Foundation\Testing\Concerns\MakesHttpRequests.php(607): Illuminate\Foundation\Http\Kernel->handle(Object(Illuminate\Http\Request))
#73 C:\Users\Daniel\Documents\Github\SIGESI\vendor\laravel\framework\src\Illuminate\Foundation\Testing\Concerns\MakesHttpRequests.php(368): Illuminate\Foundation\Testing\TestCase->call('GET', 'http://localhos...', Array, Array, Array, Array)
#74 C:\Users\Daniel\Documents\Github\SIGESI\tests\Feature\Admin\WhatsAppControllerTest.php(9): Illuminate\Foundation\Testing\TestCase->get('http://localhos...')
#75 C:\Users\Daniel\Documents\Github\SIGESI\vendor\pestphp\pest\src\Factories\TestCaseMethodFactory.php(168): P\Tests\Feature\Admin\WhatsAppControllerTest->{closure:C:\Users\Daniel\Documents\Github\SIGESI\tests\Feature\Admin\WhatsAppControllerTest.php:5}()
#76 [internal function]: P\Tests\Feature\Admin\WhatsAppControllerTest->{closure:Pest\Factories\TestCaseMethodFactory::getClosure():158}()
#77 C:\Users\Daniel\Documents\Github\SIGESI\vendor\pestphp\pest\src\Concerns\Testable.php(429): call_user_func_array(Object(Closure), Array)
#78 C:\Users\Daniel\Documents\Github\SIGESI\vendor\pestphp\pest\src\Support\ExceptionTrace.php(26): P\Tests\Feature\Admin\WhatsAppControllerTest->{closure:Pest\Concerns\Testable::__callClosure():429}()
#79 C:\Users\Daniel\Documents\Github\SIGESI\vendor\pestphp\pest\src\Concerns\Testable.php(429): Pest\Support\ExceptionTrace::ensure(Object(Closure))
#80 C:\Users\Daniel\Documents\Github\SIGESI\vendor\pestphp\pest\src\Concerns\Testable.php(331): P\Tests\Feature\Admin\WhatsAppControllerTest->__callClosure(Object(Closure), Array)
#81 C:\Users\Daniel\Documents\Github\SIGESI\vendor\pestphp\pest\src\Factories\TestCaseFactory.php(169) : eval()'d code(17): P\Tests\Feature\Admin\WhatsAppControllerTest->__runTest(Object(Closure))
#82 C:\Users\Daniel\Documents\Github\SIGESI\vendor\phpunit\phpunit\src\Framework\TestCase.php(1332): P\Tests\Feature\Admin\WhatsAppControllerTest->__pest_evaluable_it_admin_puede_ver_la_pagina_de_whatsapp_inbox()
#83 C:\Users\Daniel\Documents\Github\SIGESI\vendor\phpunit\phpunit\src\Framework\TestCase.php(519): PHPUnit\Framework\TestCase->runTest()
#84 C:\Users\Daniel\Documents\Github\SIGESI\vendor\phpunit\phpunit\src\Framework\TestRunner\TestRunner.php(99): PHPUnit\Framework\TestCase->runBare()
#85 C:\Users\Daniel\Documents\Github\SIGESI\vendor\phpunit\phpunit\src\Framework\TestCase.php(359): PHPUnit\Framework\TestRunner->run(Object(P\Tests\Feature\Admin\WhatsAppControllerTest))
#86 C:\Users\Daniel\Documents\Github\SIGESI\vendor\phpunit\phpunit\src\Framework\TestSuite.php(374): PHPUnit\Framework\TestCase->run()
#87 C:\Users\Daniel\Documents\Github\SIGESI\vendor\phpunit\phpunit\src\Framework\TestSuite.php(374): PHPUnit\Framework\TestSuite->run()
#88 C:\Users\Daniel\Documents\Github\SIGESI\vendor\phpunit\phpunit\src\Framework\TestSuite.php(374): PHPUnit\Framework\TestSuite->run()
#89 C:\Users\Daniel\Documents\Github\SIGESI\vendor\phpunit\phpunit\src\TextUI\TestRunner.php(64): PHPUnit\Framework\TestSuite->run()
#90 C:\Users\Daniel\Documents\Github\SIGESI\vendor\phpunit\phpunit\src\TextUI\Application.php(229): PHPUnit\TextUI\TestRunner->run(Object(PHPUnit\TextUI\Configuration\Configuration), Object(PHPUnit\Runner\ResultCache\DefaultResultCache), Object(PHPUnit\Framework\TestSuite))
#91 C:\Users\Daniel\Documents\Github\SIGESI\vendor\pestphp\pest\src\Kernel.php(103): PHPUnit\TextUI\Application->run(Array)
#92 C:\Users\Daniel\Documents\Github\SIGESI\vendor\pestphp\pest\bin\pest(184): Pest\Kernel->handle(Array, Array)
#93 C:\Users\Daniel\Documents\Github\SIGESI\vendor\pestphp\pest\bin\pest(192): {closure:C:\Users\Daniel\Documents\Github\SIGESI\vendor\pestphp\pest\bin\pest:18}()
#94 {main}

----------------------------------------------------------------------------------

cURL error 7: Failed to connect to localhost port 8085 after 2240 ms: Could not connect to server (see https://curl.haxx.se/libcurl/c/libcurl-errors.html) for http://localhost:8085/instance/connectionState/sigesi[39;22m

  at [32mtests\Feature\Admin\WhatsAppControllerTest.php[39m:[32m10[39m
      6▕     $admin = User::factory()->administrador()->create();
      7▕ 
      8▕     $this->actingAs($admin)
      9▕         ->get(route('admin.whatsapp'))
  ➜  10▕         ->assertSuccessful()
     11▕         ->assertInertia(fn ($pagina) => $pagina->component('admin/whatsapp/index'));
     12▕ });
     13▕ 
     14▕ it('solicitante recibe 403', function () {

  [31m────────────────────────────────────────────────────────────────────────────────────────────────────────────────────[39m  
  [41;1m FAILED [49;22m [1mTests\Feature\Admin\WhatsAppControllerTest[22m [90m>[39m it pagina incluye todos los datos nece… [41;1m AssertionFailedError [49;22m  
[39;1m  Not a valid Inertia response.[39;22m

  at [32mvendor\inertiajs\inertia-laravel\src\Testing\AssertableInertia.php[39m:[32m84[39m
     80▕             PHPUnit::assertArrayHasKey('version', $page);
     81▕             PHPUnit::assertArrayHasKey('encryptHistory', $page);
     82▕             PHPUnit::assertArrayHasKey('clearHistory', $page);
     83▕         } catch (AssertionFailedError $e) {
  ➜  84▕             PHPUnit::fail('Not a valid Inertia response.');
     85▕         }
     86▕ 
     87▕         $instance = static::fromArray($page['props']);
     88▕         $instance->component = $page['component'];

  [33m1   [39m[39;1mvendor\inertiajs\inertia-laravel\src\Testing\AssertableInertia.php[39;22m:[39;1m84[39;22m
  [33m2   [39m[39;1mvendor\inertiajs\inertia-laravel\src\Testing\TestResponseMacros.php[39;22m:[39;1m19[39;22m

  [31m────────────────────────────────────────────────────────────────────────────────────────────────────────────────────[39m  
  [41;1m FAILED [49;22m [1mTests\Feature\Admin\WhatsAppControllerTest[22m [90m>[39m it mensajes se cargan como deferred prop                        
[39;1m  Expected response status code [>=200, <300] but received 500.
Failed asserting that false is true.

The following exception occurred during the last request:

GuzzleHttp\Exception\ConnectException: cURL error 7: Failed to connect to localhost port 8085 after 2231 ms: Could not connect to server (see https://curl.haxx.se/libcurl/c/libcurl-errors.html) for http://localhost:8085/instance/connectionState/sigesi in C:\Users\Daniel\Documents\Github\SIGESI\vendor\guzzlehttp\guzzle\src\Handler\CurlFactory.php:277
Stack trace:
#0 C:\Users\Daniel\Documents\Github\SIGESI\vendor\guzzlehttp\guzzle\src\Handler\CurlFactory.php(207): GuzzleHttp\Handler\CurlFactory::createRejection(Object(GuzzleHttp\Handler\EasyHandle), Array)
#1 C:\Users\Daniel\Documents\Github\SIGESI\vendor\guzzlehttp\guzzle\src\Handler\CurlFactory.php(159): GuzzleHttp\Handler\CurlFactory::finishError(Object(GuzzleHttp\Handler\CurlHandler), Object(GuzzleHttp\Handler\EasyHandle), Object(GuzzleHttp\Handler\CurlFactory))
#2 C:\Users\Daniel\Documents\Github\SIGESI\vendor\guzzlehttp\guzzle\src\Handler\CurlHandler.php(47): GuzzleHttp\Handler\CurlFactory::finish(Object(GuzzleHttp\Handler\CurlHandler), Object(GuzzleHttp\Handler\EasyHandle), Object(GuzzleHttp\Handler\CurlFactory))
#3 C:\Users\Daniel\Documents\Github\SIGESI\vendor\guzzlehttp\guzzle\src\Handler\Proxy.php(28): GuzzleHttp\Handler\CurlHandler->__invoke(Object(GuzzleHttp\Psr7\Request), Array)
#4 C:\Users\Daniel\Documents\Github\SIGESI\vendor\guzzlehttp\guzzle\src\Handler\Proxy.php(48): GuzzleHttp\Handler\Proxy::{closure:GuzzleHttp\Handler\Proxy::wrapSync():27}(Object(GuzzleHttp\Psr7\Request), Array)
#5 C:\Users\Daniel\Documents\Github\SIGESI\vendor\laravel\framework\src\Illuminate\Http\Client\PendingRequest.php(1507): GuzzleHttp\Handler\Proxy::{closure:GuzzleHttp\Handler\Proxy::wrapStreaming():47}(Object(GuzzleHttp\Psr7\Request), Array)
#6 C:\Users\Daniel\Documents\Github\SIGESI\vendor\laravel\framework\src\Illuminate\Http\Client\PendingRequest.php(1466): Illuminate\Http\Client\PendingRequest->{closure:{closure:Illuminate\Http\Client\PendingRequest::buildStubHandler():1489}:1490}(Object(GuzzleHttp\Psr7\Request), Array)
#7 C:\Users\Daniel\Documents\Github\SIGESI\vendor\laravel\framework\src\Illuminate\Http\Client\PendingRequest.php(1452): Illuminate\Http\Client\PendingRequest->{closure:{closure:Illuminate\Http\Client\PendingRequest::buildRecorderHandler():1464}:1465}(Object(GuzzleHttp\Psr7\Request), Array)
#8 C:\Users\Daniel\Documents\Github\SIGESI\vendor\guzzlehttp\guzzle\src\PrepareBodyMiddleware.php(35): Illuminate\Http\Client\PendingRequest->{closure:{closure:Illuminate\Http\Client\PendingRequest::buildBeforeSendingHandler():1450}:1451}(Object(GuzzleHttp\Psr7\Request), Array)
#9 C:\Users\Daniel\Documents\Github\SIGESI\vendor\guzzlehttp\guzzle\src\Middleware.php(38): GuzzleHttp\PrepareBodyMiddleware->__invoke(Object(GuzzleHttp\Psr7\Request), Array)
#10 C:\Users\Daniel\Documents\Github\SIGESI\vendor\guzzlehttp\guzzle\src\RedirectMiddleware.php(71): GuzzleHttp\Middleware::{closure:{closure:GuzzleHttp\Middleware::cookies():28}:29}(Object(GuzzleHttp\Psr7\Request), Array)
#11 C:\Users\Daniel\Documents\Github\SIGESI\vendor\guzzlehttp\guzzle\src\Middleware.php(63): GuzzleHttp\RedirectMiddleware->__invoke(Object(GuzzleHttp\Psr7\Request), Array)
#12 C:\Users\Daniel\Documents\Github\SIGESI\vendor\guzzlehttp\guzzle\src\HandlerStack.php(75): GuzzleHttp\Middleware::{closure:{closure:GuzzleHttp\Middleware::httpErrors():60}:61}(Object(GuzzleHttp\Psr7\Request), Array)
#13 C:\Users\Daniel\Documents\Github\SIGESI\vendor\guzzlehttp\guzzle\src\Client.php(333): GuzzleHttp\HandlerStack->__invoke(Object(GuzzleHttp\Psr7\Request), Array)
#14 C:\Users\Daniel\Documents\Github\SIGESI\vendor\guzzlehttp\guzzle\src\Client.php(169): GuzzleHttp\Client->transfer(Object(GuzzleHttp\Psr7\Request), Array)
#15 C:\Users\Daniel\Documents\Github\SIGESI\vendor\guzzlehttp\guzzle\src\Client.php(189): GuzzleHttp\Client->requestAsync('GET', Object(GuzzleHttp\Psr7\Uri), Array)
#16 C:\Users\Daniel\Documents\Github\SIGESI\vendor\laravel\framework\src\Illuminate\Http\Client\PendingRequest.php(1292): GuzzleHttp\Client->request('GET', 'http://localhos...', Array)
#17 C:\Users\Daniel\Documents\Github\SIGESI\vendor\laravel\framework\src\Illuminate\Http\Client\PendingRequest.php(1029): Illuminate\Http\Client\PendingRequest->sendRequest('GET', 'http://localhos...', Array)
#18 C:\Users\Daniel\Documents\Github\SIGESI\vendor\laravel\framework\src\Illuminate\Support\helpers.php(327): Illuminate\Http\Client\PendingRequest->{closure:Illuminate\Http\Client\PendingRequest::send():1027}(1)
#19 C:\Users\Daniel\Documents\Github\SIGESI\vendor\laravel\framework\src\Illuminate\Http\Client\PendingRequest.php(1027): retry(0, Object(Closure), 100, Object(Closure))
#20 C:\Users\Daniel\Documents\Github\SIGESI\vendor\laravel\framework\src\Illuminate\Http\Client\PendingRequest.php(847): Illuminate\Http\Client\PendingRequest->send('GET', 'http://localhos...', Array)
#21 C:\Users\Daniel\Documents\Github\SIGESI\app\Services\WhatsApp\EvolutionApiService.php(80): Illuminate\Http\Client\PendingRequest->get('/instance/conne...')
#22 C:\Users\Daniel\Documents\Github\SIGESI\app\Services\WhatsApp\EvolutionApiService.php(204): App\Services\WhatsApp\EvolutionApiService->obtenerEstado()
#23 C:\Users\Daniel\Documents\Github\SIGESI\app\Http\Controllers\Admin\WhatsAppController.php(167): App\Services\WhatsApp\EvolutionApiService->estaConectado()
#24 C:\Users\Daniel\Documents\Github\SIGESI\vendor\laravel\framework\src\Illuminate\Cache\Repository.php(562): App\Http\Controllers\Admin\WhatsAppController->{closure:App\Http\Controllers\Admin\WhatsAppController::obtenerEstadoConexion():166}()
#25 C:\Users\Daniel\Documents\Github\SIGESI\vendor\laravel\framework\src\Illuminate\Cache\CacheManager.php(530): Illuminate\Cache\Repository->remember('whatsapp_estado...', 30, Object(Closure))
#26 C:\Users\Daniel\Documents\Github\SIGESI\vendor\laravel\framework\src\Illuminate\Support\Facades\Facade.php(363): Illuminate\Cache\CacheManager->__call('remember', Array)
#27 C:\Users\Daniel\Documents\Github\SIGESI\app\Http\Controllers\Admin\WhatsAppController.php(166): Illuminate\Support\Facades\Facade::__callStatic('remember', Array)
#28 C:\Users\Daniel\Documents\Github\SIGESI\app\Http\Controllers\Admin\WhatsAppController.php(30): App\Http\Controllers\Admin\WhatsAppController->obtenerEstadoConexion()
#29 C:\Users\Daniel\Documents\Github\SIGESI\vendor\laravel\framework\src\Illuminate\Routing\ControllerDispatcher.php(46): App\Http\Controllers\Admin\WhatsAppController->index()
#30 C:\Users\Daniel\Documents\Github\SIGESI\vendor\laravel\framework\src\Illuminate\Routing\Route.php(265): Illuminate\Routing\ControllerDispatcher->dispatch(Object(Illuminate\Routing\Route), Object(App\Http\Controllers\Admin\WhatsAppController), 'index')
#31 C:\Users\Daniel\Documents\Github\SIGESI\vendor\laravel\framework\src\Illuminate\Routing\Route.php(211): Illuminate\Routing\Route->runController()
#32 C:\Users\Daniel\Documents\Github\SIGESI\vendor\laravel\framework\src\Illuminate\Routing\Router.php(822): Illuminate\Routing\Route->run()
#33 C:\Users\Daniel\Documents\Github\SIGESI\vendor\laravel\framework\src\Illuminate\Pipeline\Pipeline.php(180): Illuminate\Routing\Router->{closure:Illuminate\Routing\Router::runRouteWithinStack():821}(Object(Illuminate\Http\Request))
#34 C:\Users\Daniel\Documents\Github\SIGESI\app\Http\Middleware\EsAdmin.php(17): Illuminate\Pipeline\Pipeline->{closure:Illuminate\Pipeline\Pipeline::prepareDestination():178}(Object(Illuminate\Http\Request))
#35 C:\Users\Daniel\Documents\Github\SIGESI\vendor\laravel\framework\src\Illuminate\Pipeline\Pipeline.php(219): App\Http\Middleware\EsAdmin->handle(Object(Illuminate\Http\Request), Object(Closure))
#36 C:\Users\Daniel\Documents\Github\SIGESI\app\Http\Middleware\RequiereOnboarding.php(19): Illuminate\Pipeline\Pipeline->{closure:{closure:Illuminate\Pipeline\Pipeline::carry():194}:195}(Object(Illuminate\Http\Request))
#37 C:\Users\Daniel\Documents\Github\SIGESI\vendor\laravel\framework\src\Illuminate\Pipeline\Pipeline.php(219): App\Http\Middleware\RequiereOnboarding->handle(Object(Illuminate\Http\Request), Object(Closure))
#38 C:\Users\Daniel\Documents\Github\SIGESI\vendor\laravel\framework\src\Illuminate\Auth\Middleware\EnsureEmailIsVerified.php(41): Illuminate\Pipeline\Pipeline->{closure:{closure:Illuminate\Pipeline\Pipeline::carry():194}:195}(Object(Illuminate\Http\Request))
#39 C:\Users\Daniel\Documents\Github\SIGESI\vendor\laravel\framework\src\Illuminate\Pipeline\Pipeline.php(219): Illuminate\Auth\Middleware\EnsureEmailIsVerified->handle(Object(Illuminate\Http\Request), Object(Closure))
#40 C:\Users\Daniel\Documents\Github\SIGESI\vendor\laravel\framework\src\Illuminate\Http\Middleware\AddLinkHeadersForPreloadedAssets.php(32): Illuminate\Pipeline\Pipeline->{closure:{closure:Illuminate\Pipeline\Pipeline::carry():194}:195}(Object(Illuminate\Http\Request))
#41 C:\Users\Daniel\Documents\Github\SIGESI\vendor\laravel\framework\src\Illuminate\Pipeline\Pipeline.php(219): Illuminate\Http\Middleware\AddLinkHeadersForPreloadedAssets->handle(Object(Illuminate\Http\Request), Object(Closure))
#42 C:\Users\Daniel\Documents\Github\SIGESI\vendor\inertiajs\inertia-laravel\src\Middleware.php(122): Illuminate\Pipeline\Pipeline->{closure:{closure:Illuminate\Pipeline\Pipeline::carry():194}:195}(Object(Illuminate\Http\Request))
#43 C:\Users\Daniel\Documents\Github\SIGESI\vendor\laravel\framework\src\Illuminate\Pipeline\Pipeline.php(219): Inertia\Middleware->handle(Object(Illuminate\Http\Request), Object(Closure))
#44 C:\Users\Daniel\Documents\Github\SIGESI\app\Http\Middleware\HandleAppearance.php(21): Illuminate\Pipeline\Pipeline->{closure:{closure:Illuminate\Pipeline\Pipeline::carry():194}:195}(Object(Illuminate\Http\Request))
#45 C:\Users\Daniel\Documents\Github\SIGESI\vendor\laravel\framework\src\Illuminate\Pipeline\Pipeline.php(219): App\Http\Middleware\HandleAppearance->handle(Object(Illuminate\Http\Request), Object(Closure))
#46 C:\Users\Daniel\Documents\Github\SIGESI\vendor\laravel\framework\src\Illuminate\Routing\Middleware\SubstituteBindings.php(50): Illuminate\Pipeline\Pipeline->{closure:{closure:Illuminate\Pipeline\Pipeline::carry():194}:195}(Object(Illuminate\Http\Request))
#47 C:\Users\Daniel\Documents\Github\SIGESI\vendor\laravel\framework\src\Illuminate\Pipeline\Pipeline.php(219): Illuminate\Routing\Middleware\SubstituteBindings->handle(Object(Illuminate\Http\Request), Object(Closure))
#48 C:\Users\Daniel\Documents\Github\SIGESI\vendor\laravel\framework\src\Illuminate\Auth\Middleware\Authenticate.php(63): Illuminate\Pipeline\Pipeline->{closure:{closure:Illuminate\Pipeline\Pipeline::carry():194}:195}(Object(Illuminate\Http\Request))
#49 C:\Users\Daniel\Documents\Github\SIGESI\vendor\laravel\framework\src\Illuminate\Pipeline\Pipeline.php(219): Illuminate\Auth\Middleware\Authenticate->handle(Object(Illuminate\Http\Request), Object(Closure))
#50 C:\Users\Daniel\Documents\Github\SIGESI\vendor\laravel\framework\src\Illuminate\Foundation\Http\Middleware\VerifyCsrfToken.php(87): Illuminate\Pipeline\Pipeline->{closure:{closure:Illuminate\Pipeline\Pipeline::carry():194}:195}(Object(Illuminate\Http\Request))
#51 C:\Users\Daniel\Documents\Github\SIGESI\vendor\laravel\framework\src\Illuminate\Pipeline\Pipeline.php(219): Illuminate\Foundation\Http\Middleware\VerifyCsrfToken->handle(Object(Illuminate\Http\Request), Object(Closure))
#52 C:\Users\Daniel\Documents\Github\SIGESI\vendor\laravel\framework\src\Illuminate\View\Middleware\ShareErrorsFromSession.php(48): Illuminate\Pipeline\Pipeline->{closure:{closure:Illuminate\Pipeline\Pipeline::carry():194}:195}(Object(Illuminate\Http\Request))
#53 C:\Users\Daniel\Documents\Github\SIGESI\vendor\laravel\framework\src\Illuminate\Pipeline\Pipeline.php(219): Illuminate\View\Middleware\ShareErrorsFromSession->handle(Object(Illuminate\Http\Request), Object(Closure))
#54 C:\Users\Daniel\Documents\Github\SIGESI\vendor\laravel\framework\src\Illuminate\Session\Middleware\StartSession.php(120): Illuminate\Pipeline\Pipeline->{closure:{closure:Illuminate\Pipeline\Pipeline::carry():194}:195}(Object(Illuminate\Http\Request))
#55 C:\Users\Daniel\Documents\Github\SIGESI\vendor\laravel\framework\src\Illuminate\Session\Middleware\StartSession.php(63): Illuminate\Session\Middleware\StartSession->handleStatefulRequest(Object(Illuminate\Http\Request), Object(Illuminate\Session\Store), Object(Closure))
#56 C:\Users\Daniel\Documents\Github\SIGESI\vendor\laravel\framework\src\Illuminate\Pipeline\Pipeline.php(219): Illuminate\Session\Middleware\StartSession->handle(Object(Illuminate\Http\Request), Object(Closure))
#57 C:\Users\Daniel\Documents\Github\SIGESI\vendor\laravel\framework\src\Illuminate\Cookie\Middleware\AddQueuedCookiesToResponse.php(36): Illuminate\Pipeline\Pipeline->{closure:{closure:Illuminate\Pipeline\Pipeline::carry():194}:195}(Object(Illuminate\Http\Request))
#58 C:\Users\Daniel\Documents\Github\SIGESI\vendor\laravel\framework\src\Illuminate\Pipeline\Pipeline.php(219): Illuminate\Cookie\Middleware\AddQueuedCookiesToResponse->handle(Object(Illuminate\Http\Request), Object(Closure))
#59 C:\Users\Daniel\Documents\Github\SIGESI\vendor\laravel\framework\src\Illuminate\Cookie\Middleware\EncryptCookies.php(74): Illuminate\Pipeline\Pipeline->{closure:{closure:Illuminate\Pipeline\Pipeline::carry():194}:195}(Object(Illuminate\Http\Request))
#60 C:\Users\Daniel\Documents\Github\SIGESI\vendor\laravel\framework\src\Illuminate\Pipeline\Pipeline.php(219): Illuminate\Cookie\Middleware\EncryptCookies->handle(Object(Illuminate\Http\Request), Object(Closure))
#61 C:\Users\Daniel\Documents\Github\SIGESI\vendor\laravel\framework\src\Illuminate\Pipeline\Pipeline.php(137): Illuminate\Pipeline\Pipeline->{closure:{closure:Illuminate\Pipeline\Pipeline::carry():194}:195}(Object(Illuminate\Http\Request))
#62 C:\Users\Daniel\Documents\Github\SIGESI\vendor\laravel\framework\src\Illuminate\Routing\Router.php(821): Illuminate\Pipeline\Pipeline->then(Object(Closure))
#63 C:\Users\Daniel\Documents\Github\SIGESI\vendor\laravel\framework\src\Illuminate\Routing\Router.php(800): Illuminate\Routing\Router->runRouteWithinStack(Object(Illuminate\Routing\Route), Object(Illuminate\Http\Request))
#64 C:\Users\Daniel\Documents\Github\SIGESI\vendor\laravel\framework\src\Illuminate\Routing\Router.php(764): Illuminate\Routing\Router->runRoute(Object(Illuminate\Http\Request), Object(Illuminate\Routing\Route))
#65 C:\Users\Daniel\Documents\Github\SIGESI\vendor\laravel\framework\src\Illuminate\Routing\Router.php(753): Illuminate\Routing\Router->dispatchToRoute(Object(Illuminate\Http\Request))
#66 C:\Users\Daniel\Documents\Github\SIGESI\vendor\laravel\framework\src\Illuminate\Foundation\Http\Kernel.php(200): Illuminate\Routing\Router->dispatch(Object(Illuminate\Http\Request))
#67 C:\Users\Daniel\Documents\Github\SIGESI\vendor\laravel\framework\src\Illuminate\Pipeline\Pipeline.php(180): Illuminate\Foundation\Http\Kernel->{closure:Illuminate\Foundation\Http\Kernel::dispatchToRouter():197}(Object(Illuminate\Http\Request))
#68 C:\Users\Daniel\Documents\Github\SIGESI\vendor\laravel\framework\src\Illuminate\Foundation\Http\Middleware\TransformsRequest.php(21): Illuminate\Pipeline\Pipeline->{closure:Illuminate\Pipeline\Pipeline::prepareDestination():178}(Object(Illuminate\Http\Request))
#69 C:\Users\Daniel\Documents\Github\SIGESI\vendor\laravel\framework\src\Illuminate\Foundation\Http\Middleware\ConvertEmptyStringsToNull.php(31): Illuminate\Foundation\Http\Middleware\TransformsRequest->handle(Object(Illuminate\Http\Request), Object(Closure))
#70 C:\Users\Daniel\Documents\Github\SIGESI\vendor\laravel\framework\src\Illuminate\Pipeline\Pipeline.php(219): Illuminate\Foundation\Http\Middleware\ConvertEmptyStringsToNull->handle(Object(Illuminate\Http\Request), Object(Closure))
#71 C:\Users\Daniel\Documents\Github\SIGESI\vendor\laravel\framework\src\Illuminate\Foundation\Http\Middleware\TransformsRequest.php(21): Illuminate\Pipeline\Pipeline->{closure:{closure:Illuminate\Pipeline\Pipeline::carry():194}:195}(Object(Illuminate\Http\Request))
#72 C:\Users\Daniel\Documents\Github\SIGESI\vendor\laravel\framework\src\Illuminate\Foundation\Http\Middleware\TrimStrings.php(51): Illuminate\Foundation\Http\Middleware\TransformsRequest->handle(Object(Illuminate\Http\Request), Object(Closure))
#73 C:\Users\Daniel\Documents\Github\SIGESI\vendor\laravel\framework\src\Illuminate\Pipeline\Pipeline.php(219): Illuminate\Foundation\Http\Middleware\TrimStrings->handle(Object(Illuminate\Http\Request), Object(Closure))
#74 C:\Users\Daniel\Documents\Github\SIGESI\vendor\laravel\framework\src\Illuminate\Http\Middleware\ValidatePostSize.php(27): Illuminate\Pipeline\Pipeline->{closure:{closure:Illuminate\Pipeline\Pipeline::carry():194}:195}(Object(Illuminate\Http\Request))
#75 C:\Users\Daniel\Documents\Github\SIGESI\vendor\laravel\framework\src\Illuminate\Pipeline\Pipeline.php(219): Illuminate\Http\Middleware\ValidatePostSize->handle(Object(Illuminate\Http\Request), Object(Closure))
#76 C:\Users\Daniel\Documents\Github\SIGESI\vendor\laravel\framework\src\Illuminate\Foundation\Http\Middleware\PreventRequestsDuringMaintenance.php(109): Illuminate\Pipeline\Pipeline->{closure:{closure:Illuminate\Pipeline\Pipeline::carry():194}:195}(Object(Illuminate\Http\Request))
#77 C:\Users\Daniel\Documents\Github\SIGESI\vendor\laravel\framework\src\Illuminate\Pipeline\Pipeline.php(219): Illuminate\Foundation\Http\Middleware\PreventRequestsDuringMaintenance->handle(Object(Illuminate\Http\Request), Object(Closure))
#78 C:\Users\Daniel\Documents\Github\SIGESI\vendor\laravel\framework\src\Illuminate\Http\Middleware\HandleCors.php(61): Illuminate\Pipeline\Pipeline->{closure:{closure:Illuminate\Pipeline\Pipeline::carry():194}:195}(Object(Illuminate\Http\Request))
#79 C:\Users\Daniel\Documents\Github\SIGESI\vendor\laravel\framework\src\Illuminate\Pipeline\Pipeline.php(219): Illuminate\Http\Middleware\HandleCors->handle(Object(Illuminate\Http\Request), Object(Closure))
#80 C:\Users\Daniel\Documents\Github\SIGESI\vendor\laravel\framework\src\Illuminate\Http\Middleware\TrustProxies.php(58): Illuminate\Pipeline\Pipeline->{closure:{closure:Illuminate\Pipeline\Pipeline::carry():194}:195}(Object(Illuminate\Http\Request))
#81 C:\Users\Daniel\Documents\Github\SIGESI\vendor\laravel\framework\src\Illuminate\Pipeline\Pipeline.php(219): Illuminate\Http\Middleware\TrustProxies->handle(Object(Illuminate\Http\Request), Object(Closure))
#82 C:\Users\Daniel\Documents\Github\SIGESI\vendor\laravel\framework\src\Illuminate\Foundation\Http\Middleware\InvokeDeferredCallbacks.php(22): Illuminate\Pipeline\Pipeline->{closure:{closure:Illuminate\Pipeline\Pipeline::carry():194}:195}(Object(Illuminate\Http\Request))
#83 C:\Users\Daniel\Documents\Github\SIGESI\vendor\laravel\framework\src\Illuminate\Pipeline\Pipeline.php(219): Illuminate\Foundation\Http\Middleware\InvokeDeferredCallbacks->handle(Object(Illuminate\Http\Request), Object(Closure))
#84 C:\Users\Daniel\Documents\Github\SIGESI\vendor\laravel\framework\src\Illuminate\Http\Middleware\ValidatePathEncoding.php(26): Illuminate\Pipeline\Pipeline->{closure:{closure:Illuminate\Pipeline\Pipeline::carry():194}:195}(Object(Illuminate\Http\Request))
#85 C:\Users\Daniel\Documents\Github\SIGESI\vendor\laravel\framework\src\Illuminate\Pipeline\Pipeline.php(219): Illuminate\Http\Middleware\ValidatePathEncoding->handle(Object(Illuminate\Http\Request), Object(Closure))
#86 C:\Users\Daniel\Documents\Github\SIGESI\vendor\laravel\framework\src\Illuminate\Pipeline\Pipeline.php(137): Illuminate\Pipeline\Pipeline->{closure:{closure:Illuminate\Pipeline\Pipeline::carry():194}:195}(Object(Illuminate\Http\Request))
#87 C:\Users\Daniel\Documents\Github\SIGESI\vendor\laravel\framework\src\Illuminate\Foundation\Http\Kernel.php(175): Illuminate\Pipeline\Pipeline->then(Object(Closure))
#88 C:\Users\Daniel\Documents\Github\SIGESI\vendor\laravel\framework\src\Illuminate\Foundation\Http\Kernel.php(144): Illuminate\Foundation\Http\Kernel->sendRequestThroughRouter(Object(Illuminate\Http\Request))
#89 C:\Users\Daniel\Documents\Github\SIGESI\vendor\laravel\framework\src\Illuminate\Foundation\Testing\Concerns\MakesHttpRequests.php(607): Illuminate\Foundation\Http\Kernel->handle(Object(Illuminate\Http\Request))
#90 C:\Users\Daniel\Documents\Github\SIGESI\vendor\laravel\framework\src\Illuminate\Foundation\Testing\Concerns\MakesHttpRequests.php(368): Illuminate\Foundation\Testing\TestCase->call('GET', 'http://localhos...', Array, Array, Array, Array)
#91 C:\Users\Daniel\Documents\Github\SIGESI\tests\Feature\Admin\WhatsAppControllerTest.php(47): Illuminate\Foundation\Testing\TestCase->get('http://localhos...')
#92 C:\Users\Daniel\Documents\Github\SIGESI\vendor\pestphp\pest\src\Factories\TestCaseMethodFactory.php(168): P\Tests\Feature\Admin\WhatsAppControllerTest->{closure:C:\Users\Daniel\Documents\Github\SIGESI\tests\Feature\Admin\WhatsAppControllerTest.php:43}()
#93 [internal function]: P\Tests\Feature\Admin\WhatsAppControllerTest->{closure:Pest\Factories\TestCaseMethodFactory::getClosure():158}()
#94 C:\Users\Daniel\Documents\Github\SIGESI\vendor\pestphp\pest\src\Concerns\Testable.php(429): call_user_func_array(Object(Closure), Array)
#95 C:\Users\Daniel\Documents\Github\SIGESI\vendor\pestphp\pest\src\Support\ExceptionTrace.php(26): P\Tests\Feature\Admin\WhatsAppControllerTest->{closure:Pest\Concerns\Testable::__callClosure():429}()
#96 C:\Users\Daniel\Documents\Github\SIGESI\vendor\pestphp\pest\src\Concerns\Testable.php(429): Pest\Support\ExceptionTrace::ensure(Object(Closure))
#97 C:\Users\Daniel\Documents\Github\SIGESI\vendor\pestphp\pest\src\Concerns\Testable.php(331): P\Tests\Feature\Admin\WhatsAppControllerTest->__callClosure(Object(Closure), Array)
#98 C:\Users\Daniel\Documents\Github\SIGESI\vendor\pestphp\pest\src\Factories\TestCaseFactory.php(169) : eval()'d code(53): P\Tests\Feature\Admin\WhatsAppControllerTest->__runTest(Object(Closure))
#99 C:\Users\Daniel\Documents\Github\SIGESI\vendor\phpunit\phpunit\src\Framework\TestCase.php(1332): P\Tests\Feature\Admin\WhatsAppControllerTest->__pest_evaluable_it_mensajes_se_cargan_como_deferred_prop()
#100 C:\Users\Daniel\Documents\Github\SIGESI\vendor\phpunit\phpunit\src\Framework\TestCase.php(519): PHPUnit\Framework\TestCase->runTest()
#101 C:\Users\Daniel\Documents\Github\SIGESI\vendor\phpunit\phpunit\src\Framework\TestRunner\TestRunner.php(99): PHPUnit\Framework\TestCase->runBare()
#102 C:\Users\Daniel\Documents\Github\SIGESI\vendor\phpunit\phpunit\src\Framework\TestCase.php(359): PHPUnit\Framework\TestRunner->run(Object(P\Tests\Feature\Admin\WhatsAppControllerTest))
#103 C:\Users\Daniel\Documents\Github\SIGESI\vendor\phpunit\phpunit\src\Framework\TestSuite.php(374): PHPUnit\Framework\TestCase->run()
#104 C:\Users\Daniel\Documents\Github\SIGESI\vendor\phpunit\phpunit\src\Framework\TestSuite.php(374): PHPUnit\Framework\TestSuite->run()
#105 C:\Users\Daniel\Documents\Github\SIGESI\vendor\phpunit\phpunit\src\Framework\TestSuite.php(374): PHPUnit\Framework\TestSuite->run()
#106 C:\Users\Daniel\Documents\Github\SIGESI\vendor\phpunit\phpunit\src\TextUI\TestRunner.php(64): PHPUnit\Framework\TestSuite->run()
#107 C:\Users\Daniel\Documents\Github\SIGESI\vendor\phpunit\phpunit\src\TextUI\Application.php(229): PHPUnit\TextUI\TestRunner->run(Object(PHPUnit\TextUI\Configuration\Configuration), Object(PHPUnit\Runner\ResultCache\DefaultResultCache), Object(PHPUnit\Framework\TestSuite))
#108 C:\Users\Daniel\Documents\Github\SIGESI\vendor\pestphp\pest\src\Kernel.php(103): PHPUnit\TextUI\Application->run(Array)
#109 C:\Users\Daniel\Documents\Github\SIGESI\vendor\pestphp\pest\bin\pest(184): Pest\Kernel->handle(Array, Array)
#110 C:\Users\Daniel\Documents\Github\SIGESI\vendor\pestphp\pest\bin\pest(192): {closure:C:\Users\Daniel\Documents\Github\SIGESI\vendor\pestphp\pest\bin\pest:18}()
#111 {main}

Next Illuminate\Http\Client\ConnectionException: cURL error 7: Failed to connect to localhost port 8085 after 2231 ms: Could not connect to server (see https://curl.haxx.se/libcurl/c/libcurl-errors.html) for http://localhost:8085/instance/connectionState/sigesi in C:\Users\Daniel\Documents\Github\SIGESI\vendor\laravel\framework\src\Illuminate\Http\Client\PendingRequest.php:1787
Stack trace:
#0 C:\Users\Daniel\Documents\Github\SIGESI\vendor\laravel\framework\src\Illuminate\Http\Client\PendingRequest.php(1067): Illuminate\Http\Client\PendingRequest->marshalConnectionException(Object(GuzzleHttp\Exception\ConnectException))
#1 C:\Users\Daniel\Documents\Github\SIGESI\vendor\laravel\framework\src\Illuminate\Support\helpers.php(327): Illuminate\Http\Client\PendingRequest->{closure:Illuminate\Http\Client\PendingRequest::send():1027}(1)
#2 C:\Users\Daniel\Documents\Github\SIGESI\vendor\laravel\framework\src\Illuminate\Http\Client\PendingRequest.php(1027): retry(0, Object(Closure), 100, Object(Closure))
#3 C:\Users\Daniel\Documents\Github\SIGESI\vendor\laravel\framework\src\Illuminate\Http\Client\PendingRequest.php(847): Illuminate\Http\Client\PendingRequest->send('GET', 'http://localhos...', Array)
#4 C:\Users\Daniel\Documents\Github\SIGESI\app\Services\WhatsApp\EvolutionApiService.php(80): Illuminate\Http\Client\PendingRequest->get('/instance/conne...')
#5 C:\Users\Daniel\Documents\Github\SIGESI\app\Services\WhatsApp\EvolutionApiService.php(204): App\Services\WhatsApp\EvolutionApiService->obtenerEstado()
#6 C:\Users\Daniel\Documents\Github\SIGESI\app\Http\Controllers\Admin\WhatsAppController.php(167): App\Services\WhatsApp\EvolutionApiService->estaConectado()
#7 C:\Users\Daniel\Documents\Github\SIGESI\vendor\laravel\framework\src\Illuminate\Cache\Repository.php(562): App\Http\Controllers\Admin\WhatsAppController->{closure:App\Http\Controllers\Admin\WhatsAppController::obtenerEstadoConexion():166}()
#8 C:\Users\Daniel\Documents\Github\SIGESI\vendor\laravel\framework\src\Illuminate\Cache\CacheManager.php(530): Illuminate\Cache\Repository->remember('whatsapp_estado...', 30, Object(Closure))
#9 C:\Users\Daniel\Documents\Github\SIGESI\vendor\laravel\framework\src\Illuminate\Support\Facades\Facade.php(363): Illuminate\Cache\CacheManager->__call('remember', Array)
#10 C:\Users\Daniel\Documents\Github\SIGESI\app\Http\Controllers\Admin\WhatsAppController.php(166): Illuminate\Support\Facades\Facade::__callStatic('remember', Array)
#11 C:\Users\Daniel\Documents\Github\SIGESI\app\Http\Controllers\Admin\WhatsAppController.php(30): App\Http\Controllers\Admin\WhatsAppController->obtenerEstadoConexion()
#12 C:\Users\Daniel\Documents\Github\SIGESI\vendor\laravel\framework\src\Illuminate\Routing\ControllerDispatcher.php(46): App\Http\Controllers\Admin\WhatsAppController->index()
#13 C:\Users\Daniel\Documents\Github\SIGESI\vendor\laravel\framework\src\Illuminate\Routing\Route.php(265): Illuminate\Routing\ControllerDispatcher->dispatch(Object(Illuminate\Routing\Route), Object(App\Http\Controllers\Admin\WhatsAppController), 'index')
#14 C:\Users\Daniel\Documents\Github\SIGESI\vendor\laravel\framework\src\Illuminate\Routing\Route.php(211): Illuminate\Routing\Route->runController()
#15 C:\Users\Daniel\Documents\Github\SIGESI\vendor\laravel\framework\src\Illuminate\Routing\Router.php(822): Illuminate\Routing\Route->run()
#16 C:\Users\Daniel\Documents\Github\SIGESI\vendor\laravel\framework\src\Illuminate\Pipeline\Pipeline.php(180): Illuminate\Routing\Router->{closure:Illuminate\Routing\Router::runRouteWithinStack():821}(Object(Illuminate\Http\Request))
#17 C:\Users\Daniel\Documents\Github\SIGESI\app\Http\Middleware\EsAdmin.php(17): Illuminate\Pipeline\Pipeline->{closure:Illuminate\Pipeline\Pipeline::prepareDestination():178}(Object(Illuminate\Http\Request))
#18 C:\Users\Daniel\Documents\Github\SIGESI\vendor\laravel\framework\src\Illuminate\Pipeline\Pipeline.php(219): App\Http\Middleware\EsAdmin->handle(Object(Illuminate\Http\Request), Object(Closure))
#19 C:\Users\Daniel\Documents\Github\SIGESI\app\Http\Middleware\RequiereOnboarding.php(19): Illuminate\Pipeline\Pipeline->{closure:{closure:Illuminate\Pipeline\Pipeline::carry():194}:195}(Object(Illuminate\Http\Request))
#20 C:\Users\Daniel\Documents\Github\SIGESI\vendor\laravel\framework\src\Illuminate\Pipeline\Pipeline.php(219): App\Http\Middleware\RequiereOnboarding->handle(Object(Illuminate\Http\Request), Object(Closure))
#21 C:\Users\Daniel\Documents\Github\SIGESI\vendor\laravel\framework\src\Illuminate\Auth\Middleware\EnsureEmailIsVerified.php(41): Illuminate\Pipeline\Pipeline->{closure:{closure:Illuminate\Pipeline\Pipeline::carry():194}:195}(Object(Illuminate\Http\Request))
#22 C:\Users\Daniel\Documents\Github\SIGESI\vendor\laravel\framework\src\Illuminate\Pipeline\Pipeline.php(219): Illuminate\Auth\Middleware\EnsureEmailIsVerified->handle(Object(Illuminate\Http\Request), Object(Closure))
#23 C:\Users\Daniel\Documents\Github\SIGESI\vendor\laravel\framework\src\Illuminate\Http\Middleware\AddLinkHeadersForPreloadedAssets.php(32): Illuminate\Pipeline\Pipeline->{closure:{closure:Illuminate\Pipeline\Pipeline::carry():194}:195}(Object(Illuminate\Http\Request))
#24 C:\Users\Daniel\Documents\Github\SIGESI\vendor\laravel\framework\src\Illuminate\Pipeline\Pipeline.php(219): Illuminate\Http\Middleware\AddLinkHeadersForPreloadedAssets->handle(Object(Illuminate\Http\Request), Object(Closure))
#25 C:\Users\Daniel\Documents\Github\SIGESI\vendor\inertiajs\inertia-laravel\src\Middleware.php(122): Illuminate\Pipeline\Pipeline->{closure:{closure:Illuminate\Pipeline\Pipeline::carry():194}:195}(Object(Illuminate\Http\Request))
#26 C:\Users\Daniel\Documents\Github\SIGESI\vendor\laravel\framework\src\Illuminate\Pipeline\Pipeline.php(219): Inertia\Middleware->handle(Object(Illuminate\Http\Request), Object(Closure))
#27 C:\Users\Daniel\Documents\Github\SIGESI\app\Http\Middleware\HandleAppearance.php(21): Illuminate\Pipeline\Pipeline->{closure:{closure:Illuminate\Pipeline\Pipeline::carry():194}:195}(Object(Illuminate\Http\Request))
#28 C:\Users\Daniel\Documents\Github\SIGESI\vendor\laravel\framework\src\Illuminate\Pipeline\Pipeline.php(219): App\Http\Middleware\HandleAppearance->handle(Object(Illuminate\Http\Request), Object(Closure))
#29 C:\Users\Daniel\Documents\Github\SIGESI\vendor\laravel\framework\src\Illuminate\Routing\Middleware\SubstituteBindings.php(50): Illuminate\Pipeline\Pipeline->{closure:{closure:Illuminate\Pipeline\Pipeline::carry():194}:195}(Object(Illuminate\Http\Request))
#30 C:\Users\Daniel\Documents\Github\SIGESI\vendor\laravel\framework\src\Illuminate\Pipeline\Pipeline.php(219): Illuminate\Routing\Middleware\SubstituteBindings->handle(Object(Illuminate\Http\Request), Object(Closure))
#31 C:\Users\Daniel\Documents\Github\SIGESI\vendor\laravel\framework\src\Illuminate\Auth\Middleware\Authenticate.php(63): Illuminate\Pipeline\Pipeline->{closure:{closure:Illuminate\Pipeline\Pipeline::carry():194}:195}(Object(Illuminate\Http\Request))
#32 C:\Users\Daniel\Documents\Github\SIGESI\vendor\laravel\framework\src\Illuminate\Pipeline\Pipeline.php(219): Illuminate\Auth\Middleware\Authenticate->handle(Object(Illuminate\Http\Request), Object(Closure))
#33 C:\Users\Daniel\Documents\Github\SIGESI\vendor\laravel\framework\src\Illuminate\Foundation\Http\Middleware\VerifyCsrfToken.php(87): Illuminate\Pipeline\Pipeline->{closure:{closure:Illuminate\Pipeline\Pipeline::carry():194}:195}(Object(Illuminate\Http\Request))
#34 C:\Users\Daniel\Documents\Github\SIGESI\vendor\laravel\framework\src\Illuminate\Pipeline\Pipeline.php(219): Illuminate\Foundation\Http\Middleware\VerifyCsrfToken->handle(Object(Illuminate\Http\Request), Object(Closure))
#35 C:\Users\Daniel\Documents\Github\SIGESI\vendor\laravel\framework\src\Illuminate\View\Middleware\ShareErrorsFromSession.php(48): Illuminate\Pipeline\Pipeline->{closure:{closure:Illuminate\Pipeline\Pipeline::carry():194}:195}(Object(Illuminate\Http\Request))
#36 C:\Users\Daniel\Documents\Github\SIGESI\vendor\laravel\framework\src\Illuminate\Pipeline\Pipeline.php(219): Illuminate\View\Middleware\ShareErrorsFromSession->handle(Object(Illuminate\Http\Request), Object(Closure))
#37 C:\Users\Daniel\Documents\Github\SIGESI\vendor\laravel\framework\src\Illuminate\Session\Middleware\StartSession.php(120): Illuminate\Pipeline\Pipeline->{closure:{closure:Illuminate\Pipeline\Pipeline::carry():194}:195}(Object(Illuminate\Http\Request))
#38 C:\Users\Daniel\Documents\Github\SIGESI\vendor\laravel\framework\src\Illuminate\Session\Middleware\StartSession.php(63): Illuminate\Session\Middleware\StartSession->handleStatefulRequest(Object(Illuminate\Http\Request), Object(Illuminate\Session\Store), Object(Closure))
#39 C:\Users\Daniel\Documents\Github\SIGESI\vendor\laravel\framework\src\Illuminate\Pipeline\Pipeline.php(219): Illuminate\Session\Middleware\StartSession->handle(Object(Illuminate\Http\Request), Object(Closure))
#40 C:\Users\Daniel\Documents\Github\SIGESI\vendor\laravel\framework\src\Illuminate\Cookie\Middleware\AddQueuedCookiesToResponse.php(36): Illuminate\Pipeline\Pipeline->{closure:{closure:Illuminate\Pipeline\Pipeline::carry():194}:195}(Object(Illuminate\Http\Request))
#41 C:\Users\Daniel\Documents\Github\SIGESI\vendor\laravel\framework\src\Illuminate\Pipeline\Pipeline.php(219): Illuminate\Cookie\Middleware\AddQueuedCookiesToResponse->handle(Object(Illuminate\Http\Request), Object(Closure))
#42 C:\Users\Daniel\Documents\Github\SIGESI\vendor\laravel\framework\src\Illuminate\Cookie\Middleware\EncryptCookies.php(74): Illuminate\Pipeline\Pipeline->{closure:{closure:Illuminate\Pipeline\Pipeline::carry():194}:195}(Object(Illuminate\Http\Request))
#43 C:\Users\Daniel\Documents\Github\SIGESI\vendor\laravel\framework\src\Illuminate\Pipeline\Pipeline.php(219): Illuminate\Cookie\Middleware\EncryptCookies->handle(Object(Illuminate\Http\Request), Object(Closure))
#44 C:\Users\Daniel\Documents\Github\SIGESI\vendor\laravel\framework\src\Illuminate\Pipeline\Pipeline.php(137): Illuminate\Pipeline\Pipeline->{closure:{closure:Illuminate\Pipeline\Pipeline::carry():194}:195}(Object(Illuminate\Http\Request))
#45 C:\Users\Daniel\Documents\Github\SIGESI\vendor\laravel\framework\src\Illuminate\Routing\Router.php(821): Illuminate\Pipeline\Pipeline->then(Object(Closure))
#46 C:\Users\Daniel\Documents\Github\SIGESI\vendor\laravel\framework\src\Illuminate\Routing\Router.php(800): Illuminate\Routing\Router->runRouteWithinStack(Object(Illuminate\Routing\Route), Object(Illuminate\Http\Request))
#47 C:\Users\Daniel\Documents\Github\SIGESI\vendor\laravel\framework\src\Illuminate\Routing\Router.php(764): Illuminate\Routing\Router->runRoute(Object(Illuminate\Http\Request), Object(Illuminate\Routing\Route))
#48 C:\Users\Daniel\Documents\Github\SIGESI\vendor\laravel\framework\src\Illuminate\Routing\Router.php(753): Illuminate\Routing\Router->dispatchToRoute(Object(Illuminate\Http\Request))
#49 C:\Users\Daniel\Documents\Github\SIGESI\vendor\laravel\framework\src\Illuminate\Foundation\Http\Kernel.php(200): Illuminate\Routing\Router->dispatch(Object(Illuminate\Http\Request))
#50 C:\Users\Daniel\Documents\Github\SIGESI\vendor\laravel\framework\src\Illuminate\Pipeline\Pipeline.php(180): Illuminate\Foundation\Http\Kernel->{closure:Illuminate\Foundation\Http\Kernel::dispatchToRouter():197}(Object(Illuminate\Http\Request))
#51 C:\Users\Daniel\Documents\Github\SIGESI\vendor\laravel\framework\src\Illuminate\Foundation\Http\Middleware\TransformsRequest.php(21): Illuminate\Pipeline\Pipeline->{closure:Illuminate\Pipeline\Pipeline::prepareDestination():178}(Object(Illuminate\Http\Request))
#52 C:\Users\Daniel\Documents\Github\SIGESI\vendor\laravel\framework\src\Illuminate\Foundation\Http\Middleware\ConvertEmptyStringsToNull.php(31): Illuminate\Foundation\Http\Middleware\TransformsRequest->handle(Object(Illuminate\Http\Request), Object(Closure))
#53 C:\Users\Daniel\Documents\Github\SIGESI\vendor\laravel\framework\src\Illuminate\Pipeline\Pipeline.php(219): Illuminate\Foundation\Http\Middleware\ConvertEmptyStringsToNull->handle(Object(Illuminate\Http\Request), Object(Closure))
#54 C:\Users\Daniel\Documents\Github\SIGESI\vendor\laravel\framework\src\Illuminate\Foundation\Http\Middleware\TransformsRequest.php(21): Illuminate\Pipeline\Pipeline->{closure:{closure:Illuminate\Pipeline\Pipeline::carry():194}:195}(Object(Illuminate\Http\Request))
#55 C:\Users\Daniel\Documents\Github\SIGESI\vendor\laravel\framework\src\Illuminate\Foundation\Http\Middleware\TrimStrings.php(51): Illuminate\Foundation\Http\Middleware\TransformsRequest->handle(Object(Illuminate\Http\Request), Object(Closure))
#56 C:\Users\Daniel\Documents\Github\SIGESI\vendor\laravel\framework\src\Illuminate\Pipeline\Pipeline.php(219): Illuminate\Foundation\Http\Middleware\TrimStrings->handle(Object(Illuminate\Http\Request), Object(Closure))
#57 C:\Users\Daniel\Documents\Github\SIGESI\vendor\laravel\framework\src\Illuminate\Http\Middleware\ValidatePostSize.php(27): Illuminate\Pipeline\Pipeline->{closure:{closure:Illuminate\Pipeline\Pipeline::carry():194}:195}(Object(Illuminate\Http\Request))
#58 C:\Users\Daniel\Documents\Github\SIGESI\vendor\laravel\framework\src\Illuminate\Pipeline\Pipeline.php(219): Illuminate\Http\Middleware\ValidatePostSize->handle(Object(Illuminate\Http\Request), Object(Closure))
#59 C:\Users\Daniel\Documents\Github\SIGESI\vendor\laravel\framework\src\Illuminate\Foundation\Http\Middleware\PreventRequestsDuringMaintenance.php(109): Illuminate\Pipeline\Pipeline->{closure:{closure:Illuminate\Pipeline\Pipeline::carry():194}:195}(Object(Illuminate\Http\Request))
#60 C:\Users\Daniel\Documents\Github\SIGESI\vendor\laravel\framework\src\Illuminate\Pipeline\Pipeline.php(219): Illuminate\Foundation\Http\Middleware\PreventRequestsDuringMaintenance->handle(Object(Illuminate\Http\Request), Object(Closure))
#61 C:\Users\Daniel\Documents\Github\SIGESI\vendor\laravel\framework\src\Illuminate\Http\Middleware\HandleCors.php(61): Illuminate\Pipeline\Pipeline->{closure:{closure:Illuminate\Pipeline\Pipeline::carry():194}:195}(Object(Illuminate\Http\Request))
#62 C:\Users\Daniel\Documents\Github\SIGESI\vendor\laravel\framework\src\Illuminate\Pipeline\Pipeline.php(219): Illuminate\Http\Middleware\HandleCors->handle(Object(Illuminate\Http\Request), Object(Closure))
#63 C:\Users\Daniel\Documents\Github\SIGESI\vendor\laravel\framework\src\Illuminate\Http\Middleware\TrustProxies.php(58): Illuminate\Pipeline\Pipeline->{closure:{closure:Illuminate\Pipeline\Pipeline::carry():194}:195}(Object(Illuminate\Http\Request))
#64 C:\Users\Daniel\Documents\Github\SIGESI\vendor\laravel\framework\src\Illuminate\Pipeline\Pipeline.php(219): Illuminate\Http\Middleware\TrustProxies->handle(Object(Illuminate\Http\Request), Object(Closure))
#65 C:\Users\Daniel\Documents\Github\SIGESI\vendor\laravel\framework\src\Illuminate\Foundation\Http\Middleware\InvokeDeferredCallbacks.php(22): Illuminate\Pipeline\Pipeline->{closure:{closure:Illuminate\Pipeline\Pipeline::carry():194}:195}(Object(Illuminate\Http\Request))
#66 C:\Users\Daniel\Documents\Github\SIGESI\vendor\laravel\framework\src\Illuminate\Pipeline\Pipeline.php(219): Illuminate\Foundation\Http\Middleware\InvokeDeferredCallbacks->handle(Object(Illuminate\Http\Request), Object(Closure))
#67 C:\Users\Daniel\Documents\Github\SIGESI\vendor\laravel\framework\src\Illuminate\Http\Middleware\ValidatePathEncoding.php(26): Illuminate\Pipeline\Pipeline->{closure:{closure:Illuminate\Pipeline\Pipeline::carry():194}:195}(Object(Illuminate\Http\Request))
#68 C:\Users\Daniel\Documents\Github\SIGESI\vendor\laravel\framework\src\Illuminate\Pipeline\Pipeline.php(219): Illuminate\Http\Middleware\ValidatePathEncoding->handle(Object(Illuminate\Http\Request), Object(Closure))
#69 C:\Users\Daniel\Documents\Github\SIGESI\vendor\laravel\framework\src\Illuminate\Pipeline\Pipeline.php(137): Illuminate\Pipeline\Pipeline->{closure:{closure:Illuminate\Pipeline\Pipeline::carry():194}:195}(Object(Illuminate\Http\Request))
#70 C:\Users\Daniel\Documents\Github\SIGESI\vendor\laravel\framework\src\Illuminate\Foundation\Http\Kernel.php(175): Illuminate\Pipeline\Pipeline->then(Object(Closure))
#71 C:\Users\Daniel\Documents\Github\SIGESI\vendor\laravel\framework\src\Illuminate\Foundation\Http\Kernel.php(144): Illuminate\Foundation\Http\Kernel->sendRequestThroughRouter(Object(Illuminate\Http\Request))
#72 C:\Users\Daniel\Documents\Github\SIGESI\vendor\laravel\framework\src\Illuminate\Foundation\Testing\Concerns\MakesHttpRequests.php(607): Illuminate\Foundation\Http\Kernel->handle(Object(Illuminate\Http\Request))
#73 C:\Users\Daniel\Documents\Github\SIGESI\vendor\laravel\framework\src\Illuminate\Foundation\Testing\Concerns\MakesHttpRequests.php(368): Illuminate\Foundation\Testing\TestCase->call('GET', 'http://localhos...', Array, Array, Array, Array)
#74 C:\Users\Daniel\Documents\Github\SIGESI\tests\Feature\Admin\WhatsAppControllerTest.php(47): Illuminate\Foundation\Testing\TestCase->get('http://localhos...')
#75 C:\Users\Daniel\Documents\Github\SIGESI\vendor\pestphp\pest\src\Factories\TestCaseMethodFactory.php(168): P\Tests\Feature\Admin\WhatsAppControllerTest->{closure:C:\Users\Daniel\Documents\Github\SIGESI\tests\Feature\Admin\WhatsAppControllerTest.php:43}()
#76 [internal function]: P\Tests\Feature\Admin\WhatsAppControllerTest->{closure:Pest\Factories\TestCaseMethodFactory::getClosure():158}()
#77 C:\Users\Daniel\Documents\Github\SIGESI\vendor\pestphp\pest\src\Concerns\Testable.php(429): call_user_func_array(Object(Closure), Array)
#78 C:\Users\Daniel\Documents\Github\SIGESI\vendor\pestphp\pest\src\Support\ExceptionTrace.php(26): P\Tests\Feature\Admin\WhatsAppControllerTest->{closure:Pest\Concerns\Testable::__callClosure():429}()
#79 C:\Users\Daniel\Documents\Github\SIGESI\vendor\pestphp\pest\src\Concerns\Testable.php(429): Pest\Support\ExceptionTrace::ensure(Object(Closure))
#80 C:\Users\Daniel\Documents\Github\SIGESI\vendor\pestphp\pest\src\Concerns\Testable.php(331): P\Tests\Feature\Admin\WhatsAppControllerTest->__callClosure(Object(Closure), Array)
#81 C:\Users\Daniel\Documents\Github\SIGESI\vendor\pestphp\pest\src\Factories\TestCaseFactory.php(169) : eval()'d code(53): P\Tests\Feature\Admin\WhatsAppControllerTest->__runTest(Object(Closure))
#82 C:\Users\Daniel\Documents\Github\SIGESI\vendor\phpunit\phpunit\src\Framework\TestCase.php(1332): P\Tests\Feature\Admin\WhatsAppControllerTest->__pest_evaluable_it_mensajes_se_cargan_como_deferred_prop()
#83 C:\Users\Daniel\Documents\Github\SIGESI\vendor\phpunit\phpunit\src\Framework\TestCase.php(519): PHPUnit\Framework\TestCase->runTest()
#84 C:\Users\Daniel\Documents\Github\SIGESI\vendor\phpunit\phpunit\src\Framework\TestRunner\TestRunner.php(99): PHPUnit\Framework\TestCase->runBare()
#85 C:\Users\Daniel\Documents\Github\SIGESI\vendor\phpunit\phpunit\src\Framework\TestCase.php(359): PHPUnit\Framework\TestRunner->run(Object(P\Tests\Feature\Admin\WhatsAppControllerTest))
#86 C:\Users\Daniel\Documents\Github\SIGESI\vendor\phpunit\phpunit\src\Framework\TestSuite.php(374): PHPUnit\Framework\TestCase->run()
#87 C:\Users\Daniel\Documents\Github\SIGESI\vendor\phpunit\phpunit\src\Framework\TestSuite.php(374): PHPUnit\Framework\TestSuite->run()
#88 C:\Users\Daniel\Documents\Github\SIGESI\vendor\phpunit\phpunit\src\Framework\TestSuite.php(374): PHPUnit\Framework\TestSuite->run()
#89 C:\Users\Daniel\Documents\Github\SIGESI\vendor\phpunit\phpunit\src\TextUI\TestRunner.php(64): PHPUnit\Framework\TestSuite->run()
#90 C:\Users\Daniel\Documents\Github\SIGESI\vendor\phpunit\phpunit\src\TextUI\Application.php(229): PHPUnit\TextUI\TestRunner->run(Object(PHPUnit\TextUI\Configuration\Configuration), Object(PHPUnit\Runner\ResultCache\DefaultResultCache), Object(PHPUnit\Framework\TestSuite))
#91 C:\Users\Daniel\Documents\Github\SIGESI\vendor\pestphp\pest\src\Kernel.php(103): PHPUnit\TextUI\Application->run(Array)
#92 C:\Users\Daniel\Documents\Github\SIGESI\vendor\pestphp\pest\bin\pest(184): Pest\Kernel->handle(Array, Array)
#93 C:\Users\Daniel\Documents\Github\SIGESI\vendor\pestphp\pest\bin\pest(192): {closure:C:\Users\Daniel\Documents\Github\SIGESI\vendor\pestphp\pest\bin\pest:18}()
#94 {main}

----------------------------------------------------------------------------------

cURL error 7: Failed to connect to localhost port 8085 after 2231 ms: Could not connect to server (see https://curl.haxx.se/libcurl/c/libcurl-errors.html) for http://localhost:8085/instance/connectionState/sigesi[39;22m

  at [32mtests\Feature\Admin\WhatsAppControllerTest.php[39m:[32m49[39m
     45▕ 
     46▕     $response = $this->actingAs($admin)
     47▕         ->get(route('admin.whatsapp'));
     48▕ 
  ➜  49▕     $response->assertSuccessful();
     50▕ 
     51▕     // mensajes es un deferred prop, no está en la respuesta inicial
     52▕     $page = $response->viewData('page');
     53▕     expect($page['deferredProps'])->toHaveKey('default');


  [90mTests:[39m    [31;1m3 failed[39;22m[90m,[39m[39m [39m[32;1m171 passed[39;22m[90m (475 assertions)[39m
  [90mDuration:[39m [39m11.71s[39m

